Component: ARM Compiler 5.05 update 2 (build 169) Tool: armlink [4d0f33]

==============================================================================

Section Cross References

    startup_stm32f405xx.o(RESET) refers to startup_stm32f405xx.o(STACK) for __initial_sp
    startup_stm32f405xx.o(RESET) refers to startup_stm32f405xx.o(.text) for Reset_Handler
    startup_stm32f405xx.o(RESET) refers to stm32f4xx_it.o(i.NMI_Handler) for NMI_Handler
    startup_stm32f405xx.o(RESET) refers to stm32f4xx_it.o(i.MemManage_Handler) for MemManage_Handler
    startup_stm32f405xx.o(RESET) refers to stm32f4xx_it.o(i.BusFault_Handler) for BusFault_Handler
    startup_stm32f405xx.o(RESET) refers to stm32f4xx_it.o(i.UsageFault_Handler) for UsageFault_Handler
    startup_stm32f405xx.o(RESET) refers to stm32f4xx_it.o(i.DebugMon_Handler) for DebugMon_Handler
    startup_stm32f405xx.o(RESET) refers to stm32f4xx_it.o(i.SysTick_Handler) for SysTick_Handler
    startup_stm32f405xx.o(RESET) refers to stm32f4xx_it.o(i.RCC_IRQHandler) for RCC_IRQHandler
    startup_stm32f405xx.o(RESET) refers to stm32f4xx_it.o(i.DMA1_Stream0_IRQHandler) for DMA1_Stream0_IRQHandler
    startup_stm32f405xx.o(RESET) refers to stm32f4xx_it.o(i.DMA1_Stream3_IRQHandler) for DMA1_Stream3_IRQHandler
    startup_stm32f405xx.o(RESET) refers to stm32f4xx_it.o(i.DMA1_Stream4_IRQHandler) for DMA1_Stream4_IRQHandler
    startup_stm32f405xx.o(RESET) refers to stm32f4xx_it.o(i.DMA1_Stream5_IRQHandler) for DMA1_Stream5_IRQHandler
    startup_stm32f405xx.o(RESET) refers to stm32f4xx_it.o(i.ADC_IRQHandler) for ADC_IRQHandler
    startup_stm32f405xx.o(RESET) refers to stm32f4xx_it.o(i.I2C1_EV_IRQHandler) for I2C1_EV_IRQHandler
    startup_stm32f405xx.o(RESET) refers to stm32f4xx_it.o(i.I2C1_ER_IRQHandler) for I2C1_ER_IRQHandler
    startup_stm32f405xx.o(RESET) refers to stm32f4xx_it.o(i.SPI1_IRQHandler) for SPI1_IRQHandler
    startup_stm32f405xx.o(RESET) refers to stm32f4xx_it.o(i.SPI2_IRQHandler) for SPI2_IRQHandler
    startup_stm32f405xx.o(RESET) refers to stm32f4xx_it.o(i.DMA1_Stream7_IRQHandler) for DMA1_Stream7_IRQHandler
    startup_stm32f405xx.o(RESET) refers to stm32f4xx_it.o(i.SPI3_IRQHandler) for SPI3_IRQHandler
    startup_stm32f405xx.o(RESET) refers to stm32f4xx_it.o(i.DMA2_Stream0_IRQHandler) for DMA2_Stream0_IRQHandler
    startup_stm32f405xx.o(RESET) refers to stm32f4xx_it.o(i.DMA2_Stream3_IRQHandler) for DMA2_Stream3_IRQHandler
    startup_stm32f405xx.o(RESET) refers to stm32f4xx_it.o(i.OTG_FS_IRQHandler) for OTG_FS_IRQHandler
    startup_stm32f405xx.o(RESET) refers to stm32f4xx_it.o(i.HASH_RNG_IRQHandler) for HASH_RNG_IRQHandler
    startup_stm32f405xx.o(.text) refers to system_stm32f4xx.o(i.SystemInit) for SystemInit
    startup_stm32f405xx.o(.text) refers to entry.o(.ARM.Collect$$$$00000000) for __main
    usb_device.o(i.MX_USB_DEVICE_Init) refers to usbd_core.o(i.USBD_Init) for USBD_Init
    usb_device.o(i.MX_USB_DEVICE_Init) refers to usbd_core.o(i.USBD_RegisterClass) for USBD_RegisterClass
    usb_device.o(i.MX_USB_DEVICE_Init) refers to usbd_cdc.o(i.USBD_CDC_RegisterInterface) for USBD_CDC_RegisterInterface
    usb_device.o(i.MX_USB_DEVICE_Init) refers to usbd_core.o(i.USBD_Start) for USBD_Start
    usb_device.o(i.MX_USB_DEVICE_Init) refers to usbd_desc.o(.data) for FS_Desc
    usb_device.o(i.MX_USB_DEVICE_Init) refers to usb_device.o(.bss) for hUsbDeviceFS
    usb_device.o(i.MX_USB_DEVICE_Init) refers to usbd_cdc.o(.data) for USBD_CDC
    usb_device.o(i.MX_USB_DEVICE_Init) refers to usbd_cdc_if.o(.data) for USBD_Interface_fops_FS
    rng.o(i.HAL_RNG_MspDeInit) refers to stm32f4xx_hal_cortex.o(i.HAL_NVIC_DisableIRQ) for HAL_NVIC_DisableIRQ
    rng.o(i.HAL_RNG_MspInit) refers to stm32f4xx_hal_cortex.o(i.HAL_NVIC_SetPriority) for HAL_NVIC_SetPriority
    rng.o(i.HAL_RNG_MspInit) refers to stm32f4xx_hal_cortex.o(i.HAL_NVIC_EnableIRQ) for HAL_NVIC_EnableIRQ
    rng.o(i.MX_RNG_Init) refers to stm32f4xx_hal_rng.o(i.HAL_RNG_Init) for HAL_RNG_Init
    rng.o(i.MX_RNG_Init) refers to rng.o(.bss) for hrng
    usbd_cdc_if.o(i.CDC_DeInit_FS) refers to usbd_cdc.o(i.USBD_CDC_SetTxBuffer) for USBD_CDC_SetTxBuffer
    usbd_cdc_if.o(i.CDC_DeInit_FS) refers to usbd_cdc.o(i.USBD_CDC_SetRxBuffer) for USBD_CDC_SetRxBuffer
    usbd_cdc_if.o(i.CDC_DeInit_FS) refers to usbd_cdc_if.o(.bss) for UserTxBufferFS
    usbd_cdc_if.o(i.CDC_DeInit_FS) refers to usbd_cdc_if.o(.data) for hUsbDevice_0
    usbd_cdc_if.o(i.CDC_Init_FS) refers to usb_device.o(.bss) for hUsbDeviceFS
    usbd_cdc_if.o(i.CDC_Init_FS) refers to usbd_cdc_if.o(.data) for hUsbDevice_0
    usbd_cdc_if.o(.data) refers to usbd_cdc_if.o(i.CDC_Init_FS) for CDC_Init_FS
    usbd_cdc_if.o(.data) refers to usbd_cdc_if.o(i.CDC_DeInit_FS) for CDC_DeInit_FS
    usbd_cdc_if.o(.data) refers to usbd_cdc_if.o(i.CDC_Control_FS) for CDC_Control_FS
    usbd_cdc_if.o(.data) refers to usbd_cdc_if.o(i.CDC_Receive_FS) for CDC_Receive_FS
[...]
    __aeabi_i2d                              0x08001723   Thumb Code    34  dflti.o(.text)
    __aeabi_ui2d                             0x08001745   Thumb Code    26  dfltui.o(.text)
    __aeabi_d2iz                             0x0800175f   Thumb Code    62  dfixi.o(.text)
    __decompress                             0x0800179d   Thumb Code     0  __dczerorl2.o(.text)
    __decompress1                            0x0800179d   Thumb Code    86  __dczerorl2.o(.text)
    ADC_IRQHandler                           0x080017f5   Thumb Code    10  stm32f4xx_it.o(i.ADC_IRQHandler)
    AudioCodec_init                          0x080019d1   Thumb Code   334  waveplayer.o(i.AudioCodec_init)
    BusFault_Handler                         0x08001b31   Thumb Code     4  stm32f4xx_it.o(i.BusFault_Handler)
    DMA1_Stream0_IRQHandler                  0x08001bc1   Thumb Code    10  stm32f4xx_it.o(i.DMA1_Stream0_IRQHandler)
    DMA1_Stream3_IRQHandler                  0x08001bd1   Thumb Code    10  stm32f4xx_it.o(i.DMA1_Stream3_IRQHandler)
    DMA1_Stream4_IRQHandler                  0x08001be1   Thumb Code    10  stm32f4xx_it.o(i.DMA1_Stream4_IRQHandler)
    DMA1_Stream5_IRQHandler                  0x08001bf1   Thumb Code    10  stm32f4xx_it.o(i.DMA1_Stream5_IRQHandler)
    DMA1_Stream7_IRQHandler                  0x08001c01   Thumb Code    10  stm32f4xx_it.o(i.DMA1_Stream7_IRQHandler)
    DMA2_Stream0_IRQHandler                  0x08001c11   Thumb Code    10  stm32f4xx_it.o(i.DMA2_Stream0_IRQHandler)
    DMA2_Stream3_IRQHandler                  0x08001c21   Thumb Code    10  stm32f4xx_it.o(i.DMA2_Stream3_IRQHandler)
    DebugMon_Handler                         0x08001c5d   Thumb Code     4  stm32f4xx_it.o(i.DebugMon_Handler)
    HAL_ADCEx_InjectedConvCpltCallback       0x08001c61   Thumb Code     2  stm32f4xx_hal_adc_ex.o(i.HAL_ADCEx_InjectedConvCpltCallback)
    HAL_ADC_ConfigChannel                    0x08001c65   Thumb Code   486  stm32f4xx_hal_adc.o(i.HAL_ADC_ConfigChannel)
    HAL_ADC_ConvCpltCallback                 0x08001e95   Thumb Code     2  stm32f4xx_hal_adc.o(i.HAL_ADC_ConvCpltCallback)
    HAL_ADC_ErrorCallback                    0x08001e97   Thumb Code     2  stm32f4xx_hal_adc.o(i.HAL_ADC_ErrorCallback)
    HAL_ADC_IRQHandler                       0x08001e99   Thumb Code   418  stm32f4xx_hal_adc.o(i.HAL_ADC_IRQHandler)
    HAL_ADC_Init                             0x08002075   Thumb Code   538  stm32f4xx_hal_adc.o(i.HAL_ADC_Init)
    HAL_ADC_LevelOutOfWindowCallback         0x080022d9   Thumb Code     2  stm32f4xx_hal_adc.o(i.HAL_ADC_LevelOutOfWindowCallback)
    HAL_ADC_MspInit                          0x080022dd   Thumb Code    82  adc.o(i.HAL_ADC_MspInit)
    HAL_DMA_IRQHandler                       0x0800233d   Thumb Code  9776  stm32f4xx_hal_dma.o(i.HAL_DMA_IRQHandler)
    HAL_DMA_Init                             0x08004975   Thumb Code   682  stm32f4xx_hal_dma.o(i.HAL_DMA_Init)
    HAL_DMA_Start_IT                         0x08004c65   Thumb Code   162  stm32f4xx_hal_dma.o(i.HAL_DMA_Start_IT)
    HAL_Delay                                0x08004d41   Thumb Code    26  stm32f4xx_hal.o(i.HAL_Delay)
    HAL_GPIO_Init                            0x08004d5d   Thumb Code   942  stm32f4xx_hal_gpio.o(i.HAL_GPIO_Init)
    HAL_GPIO_WritePin                        0x08005191   Thumb Code    54  stm32f4xx_hal_gpio.o(i.HAL_GPIO_WritePin)
    HAL_GetTick                              0x08005205   Thumb Code     6  stm32f4xx_hal.o(i.HAL_GetTick)
    HAL_I2C_ER_IRQHandler                    0x08005211   Thumb Code   226  stm32f4xx_hal_i2c.o(i.HAL_I2C_ER_IRQHandler)
    HAL_I2C_EV_IRQHandler                    0x080052f3   Thumb Code   370  stm32f4xx_hal_i2c.o(i.HAL_I2C_EV_IRQHandler)
    HAL_I2C_ErrorCallback                    0x08005465   Thumb Code     2  stm32f4xx_hal_i2c.o(i.HAL_I2C_ErrorCallback)
    HAL_I2C_Init                             0x08005469   Thumb Code   496  stm32f4xx_hal_i2c.o(i.HAL_I2C_Init)
    HAL_I2C_MasterRxCpltCallback             0x080056a9   Thumb Code     2  waveplayer.o(i.HAL_I2C_MasterRxCpltCallback)
    HAL_I2C_MasterTxCpltCallback             0x080056ab   Thumb Code     2  stm32f4xx_hal_i2c.o(i.HAL_I2C_MasterTxCpltCallback)
    HAL_I2C_Master_Transmit                  0x080056ad   Thumb Code   274  stm32f4xx_hal_i2c.o(i.HAL_I2C_Master_Transmit)
    HAL_I2C_MemRxCpltCallback                0x080057c9   Thumb Code     2  stm32f4xx_hal_i2c.o(i.HAL_I2C_MemRxCpltCallback)
    HAL_I2C_MemTxCpltCallback                0x080057cb   Thumb Code     2  stm32f4xx_hal_i2c.o(i.HAL_I2C_MemTxCpltCallback)
    HAL_I2C_MspInit                          0x080057cd   Thumb Code   192  i2c.o(i.HAL_I2C_MspInit)
    HAL_I2C_SlaveRxCpltCallback              0x080058a1   Thumb Code     2  stm32f4xx_hal_i2c.o(i.HAL_I2C_SlaveRxCpltCallback)
    HAL_I2C_SlaveTxCpltCallback              0x080058a3   Thumb Code     2  stm32f4xx_hal_i2c.o(i.HAL_I2C_SlaveTxCpltCallback)
    HAL_I2SEx_TransmitReceive_DMA            0x080058a5   Thumb Code   626  stm32f4xx_hal_i2s_ex.o(i.HAL_I2SEx_TransmitReceive_DMA)
    HAL_I2S_ErrorCallback                    0x08005b35   Thumb Code     2  stm32f4xx_hal_i2s.o(i.HAL_I2S_ErrorCallback)
    HAL_I2S_IRQHandler                       0x08005b39   Thumb Code   774  stm32f4xx_hal_i2s_ex.o(i.HAL_I2S_IRQHandler)
    HAL_I2S_Init                             0x08005e49   Thumb Code   626  stm32f4xx_hal_i2s_ex.o(i.HAL_I2S_Init)
    HAL_I2S_MspInit                          0x08006105   Thumb Code   308  i2s.o(i.HAL_I2S_MspInit)
    HAL_I2S_RxCpltCallback                   0x08006259   Thumb Code     2  waveplayer.o(i.HAL_I2S_RxCpltCallback)
    HAL_I2S_RxHalfCpltCallback               0x0800625b   Thumb Code     2  waveplayer.o(i.HAL_I2S_RxHalfCpltCallback)
    HAL_I2S_TxCpltCallback                   0x0800625d   Thumb Code    12  waveplayer.o(i.HAL_I2S_TxCpltCallback)
    HAL_I2S_TxHalfCpltCallback               0x08006269   Thumb Code    12  waveplayer.o(i.HAL_I2S_TxHalfCpltCallback)
    HAL_IncTick                              0x08006275   Thumb Code    12  stm32f4xx_hal.o(i.HAL_IncTick)
    HAL_Init                                 0x08006285   Thumb Code    54  stm32f4xx_hal.o(i.HAL_Init)
    HAL_InitTick                             0x080062c1   Thumb Code    36  stm32f4xx_hal.o(i.HAL_InitTick)
    HAL_MspInit                              0x080062e5   Thumb Code    78  stm32f4xx_hal_msp.o(i.HAL_MspInit)
    HAL_NVIC_EnableIRQ                       0x08006335   Thumb Code    44  stm32f4xx_hal_cortex.o(i.HAL_NVIC_EnableIRQ)
    HAL_NVIC_SetPriority                     0x0800639d   Thumb Code   152  stm32f4xx_hal_cortex.o(i.HAL_NVIC_SetPriority)
    HAL_NVIC_SetPriorityGrouping             0x08006471   Thumb Code    66  stm32f4xx_hal_cortex.o(i.HAL_NVIC_SetPriorityGrouping)
    HAL_PCDEx_SetRxFiFo                      0x080064f9   Thumb Code    10  stm32f4xx_hal_pcd_ex.o(i.HAL_PCDEx_SetRxFiFo)
    HAL_PCDEx_SetTxFiFo                      0x08006503   Thumb Code    82  stm32f4xx_hal_pcd_ex.o(i.HAL_PCDEx_SetTxFiFo)
    HAL_PCD_ConnectCallback                  0x08006555   Thumb Code    14  usbd_conf.o(i.HAL_PCD_ConnectCallback)
    HAL_PCD_DataInStageCallback              0x08006563   Thumb Code    32  usbd_conf.o(i.HAL_PCD_DataInStageCallback)
    HAL_PCD_DataOutStageCallback             0x08006583   Thumb Code    32  usbd_conf.o(i.HAL_PCD_DataOutStageCallback)
    HAL_PCD_DisconnectCallback               0x080065a3   Thumb Code    14  usbd_conf.o(i.HAL_PCD_DisconnectCallback)
    HAL_PCD_EP_Close                         0x080065b1   Thumb Code   106  stm32f4xx_hal_pcd.o(i.HAL_PCD_EP_Close)
    HAL_PCD_EP_ClrStall                      0x0800661b   Thumb Code   104  stm32f4xx_hal_pcd.o(i.HAL_PCD_EP_ClrStall)
    HAL_PCD_EP_GetRxCount                    0x08006683   Thumb Code    24  stm32f4xx_hal_pcd.o(i.HAL_PCD_EP_GetRxCount)
    HAL_PCD_EP_Open                          0x0800669b   Thumb Code   140  stm32f4xx_hal_pcd.o(i.HAL_PCD_EP_Open)
    HAL_PCD_EP_Receive                       0x08006727   Thumb Code   120  stm32f4xx_hal_pcd.o(i.HAL_PCD_EP_Receive)
    HAL_PCD_EP_SetStall                      0x0800679f   Thumb Code   122  stm32f4xx_hal_pcd.o(i.HAL_PCD_EP_SetStall)
    HAL_PCD_EP_Transmit                      0x08006819   Thumb Code   122  stm32f4xx_hal_pcd.o(i.HAL_PCD_EP_Transmit)
    HAL_PCD_IRQHandler                       0x08006893   Thumb Code  1332  stm32f4xx_hal_pcd.o(i.HAL_PCD_IRQHandler)
    HAL_PCD_ISOINIncompleteCallback          0x08006dc7   Thumb Code    18  usbd_conf.o(i.HAL_PCD_ISOINIncompleteCallback)
    HAL_PCD_ISOOUTIncompleteCallback         0x08006dd9   Thumb Code    18  usbd_conf.o(i.HAL_PCD_ISOOUTIncompleteCallback)
    HAL_PCD_Init                             0x08006ded   Thumb Code   348  stm32f4xx_hal_pcd.o(i.HAL_PCD_Init)
    HAL_PCD_MspInit                          0x08006f85   Thumb Code   132  usbd_conf.o(i.HAL_PCD_MspInit)
    HAL_PCD_ResetCallback                    0x08007011   Thumb Code    50  usbd_conf.o(i.HAL_PCD_ResetCallback)
    HAL_PCD_ResumeCallback                   0x08007043   Thumb Code    14  usbd_conf.o(i.HAL_PCD_ResumeCallback)
    HAL_PCD_SOFCallback                      0x08007051   Thumb Code    14  usbd_conf.o(i.HAL_PCD_SOFCallback)
    HAL_PCD_SetAddress                       0x0800705f   Thumb Code    50  stm32f4xx_hal_pcd.o(i.HAL_PCD_SetAddress)
    HAL_PCD_SetupStageCallback               0x08007091   Thumb Code    18  usbd_conf.o(i.HAL_PCD_SetupStageCallback)
    HAL_PCD_Start                            0x080070a3   Thumb Code    52  stm32f4xx_hal_pcd.o(i.HAL_PCD_Start)
    HAL_PCD_SuspendCallback                  0x080070d9   Thumb Code    46  usbd_conf.o(i.HAL_PCD_SuspendCallback)
    HAL_RCC_CSSCallback                      0x0800710d   Thumb Code     2  stm32f4xx_hal_rcc.o(i.HAL_RCC_CSSCallback)
    HAL_RCC_ClockConfig                      0x08007111   Thumb Code  1104  stm32f4xx_hal_rcc.o(i.HAL_RCC_ClockConfig)
    HAL_RCC_GetHCLKFreq                      0x08007561   Thumb Code    42  stm32f4xx_hal_rcc.o(i.HAL_RCC_GetHCLKFreq)
    HAL_RCC_GetPCLK1Freq                     0x08007599   Thumb Code    36  stm32f4xx_hal_rcc.o(i.HAL_RCC_GetPCLK1Freq)
    HAL_RCC_GetSysClockFreq                  0x080075c5   Thumb Code   168  stm32f4xx_hal_rcc.o(i.HAL_RCC_GetSysClockFreq)
    HAL_RCC_NMI_IRQHandler                   0x08007679   Thumb Code    28  stm32f4xx_hal_rcc.o(i.HAL_RCC_NMI_IRQHandler)
    HAL_RCC_OscConfig                        0x08007699   Thumb Code  1382  stm32f4xx_hal_rcc.o(i.HAL_RCC_OscConfig)
    HAL_RNG_ErrorCallback                    0x08007c09   Thumb Code     2  stm32f4xx_hal_rng.o(i.HAL_RNG_ErrorCallback)
    HAL_RNG_IRQHandler                       0x08007c0b   Thumb Code    90  stm32f4xx_hal_rng.o(i.HAL_RNG_IRQHandler)
    HAL_RNG_Init                             0x08007c65   Thumb Code    74  stm32f4xx_hal_rng.o(i.HAL_RNG_Init)
    HAL_RNG_MspInit                          0x08007cb1   Thumb Code    42  rng.o(i.HAL_RNG_MspInit)
    HAL_RNG_ReadyDataCallback                0x08007ce5   Thumb Code     2  stm32f4xx_hal_rng.o(i.HAL_RNG_ReadyDataCallback)
    HAL_SPI_ErrorCallback                    0x08007ce7   Thumb Code    20  waveplayer.o(i.HAL_SPI_ErrorCallback)
    HAL_SPI_GetError                         0x08007cfb   Thumb Code     6  stm32f4xx_hal_spi.o(i.HAL_SPI_GetError)
    HAL_SPI_IRQHandler                       0x08007d01   Thumb Code   250  stm32f4xx_hal_spi.o(i.HAL_SPI_IRQHandler)
    HAL_SPI_Init                             0x08007dfd   Thumb Code   420  stm32f4xx_hal_spi.o(i.HAL_SPI_Init)
    HAL_SPI_MspInit                          0x08007fd9   Thumb Code   450  spi.o(i.HAL_SPI_MspInit)
    HAL_SYSTICK_CLKSourceConfig              0x080081cd   Thumb Code    62  stm32f4xx_hal_cortex.o(i.HAL_SYSTICK_CLKSourceConfig)
    HAL_SYSTICK_Callback                     0x08008249   Thumb Code     2  stm32f4xx_hal_cortex.o(i.HAL_SYSTICK_Callback)
    HAL_SYSTICK_Config                       0x0800824b   Thumb Code    52  stm32f4xx_hal_cortex.o(i.HAL_SYSTICK_Config)
    HAL_SYSTICK_IRQHandler                   0x0800827f   Thumb Code     8  stm32f4xx_hal_cortex.o(i.HAL_SYSTICK_IRQHandler)
    HASH_RNG_IRQHandler                      0x08008289   Thumb Code    10  stm32f4xx_it.o(i.HASH_RNG_IRQHandler)
    I2C1_ER_IRQHandler                       0x08008299   Thumb Code    16  stm32f4xx_it.o(i.I2C1_ER_IRQHandler)
    I2C1_EV_IRQHandler                       0x080082ad   Thumb Code    10  stm32f4xx_it.o(i.I2C1_EV_IRQHandler)
    I2SEx_TransmitReceive_IT                 0x08008811   Thumb Code   480  stm32f4xx_hal_i2s_ex.o(i.I2SEx_TransmitReceive_IT)
    I2S_DMAError                             0x080089f9   Thumb Code    34  stm32f4xx_hal_i2s.o(i.I2S_DMAError)
    I2S_DMARxCplt                            0x08008a1d   Thumb Code   112  stm32f4xx_hal_i2s_ex.o(i.I2S_DMARxCplt)
    I2S_DMARxHalfCplt                        0x08008a95   Thumb Code    14  stm32f4xx_hal_i2s.o(i.I2S_DMARxHalfCplt)
    I2S_DMATxCplt                            0x08008aa5   Thumb Code   112  stm32f4xx_hal_i2s_ex.o(i.I2S_DMATxCplt)
    I2S_DMATxHalfCplt                        0x08008b1d   Thumb Code    14  stm32f4xx_hal_i2s.o(i.I2S_DMATxHalfCplt)
    I2S_GetInputClock                        0x08008b2d   Thumb Code    98  stm32f4xx_hal_i2s_ex.o(i.I2S_GetInputClock)
    I2S_Receive_IT                           0x08008ba5   Thumb Code   144  stm32f4xx_hal_i2s.o(i.I2S_Receive_IT)
    I2S_Transmit_IT                          0x08008c35   Thumb Code   110  stm32f4xx_hal_i2s.o(i.I2S_Transmit_IT)
    MX_ADC3_Init                             0x08008ca5   Thumb Code    68  adc.o(i.MX_ADC3_Init)
    MX_DMA_Init                              0x08008cf1   Thumb Code   170  dma.o(i.MX_DMA_Init)
    MX_GPIO_Init                             0x08008da1   Thumb Code   384  gpio.o(i.MX_GPIO_Init)
    MX_I2C1_Init                             0x08008f35   Thumb Code    42  i2c.o(i.MX_I2C1_Init)
    MX_I2S3_Init                             0x08008f6d   Thumb Code    44  i2s.o(i.MX_I2S3_Init)
    MX_RNG_Init                              0x08008fa1   Thumb Code    16  rng.o(i.MX_RNG_Init)
    MX_SPI1_Init                             0x08008fb9   Thumb Code    54  spi.o(i.MX_SPI1_Init)
    MX_SPI2_Init                             0x08008ff9   Thumb Code    54  spi.o(i.MX_SPI2_Init)
    MX_USB_DEVICE_Init                       0x08009039   Thumb Code    36  usb_device.o(i.MX_USB_DEVICE_Init)
    MemManage_Handler                        0x0800906d   Thumb Code    10  stm32f4xx_it.o(i.MemManage_Handler)
    NMI_Handler                              0x08009077   Thumb Code    14  stm32f4xx_it.o(i.NMI_Handler)
    OTG_FS_IRQHandler                        0x080090bd   Thumb Code    10  stm32f4xx_it.o(i.OTG_FS_IRQHandler)
    RCC_IRQHandler                           0x0800917d   Thumb Code     2  stm32f4xx_it.o(i.RCC_IRQHandler)
    SPI1_IRQHandler                          0x08009181   Thumb Code    10  stm32f4xx_it.o(i.SPI1_IRQHandler)
    SPI2_IRQHandler                          0x08009191   Thumb Code    10  stm32f4xx_it.o(i.SPI2_IRQHandler)
    SPI3_IRQHandler                          0x080091a1   Thumb Code    10  stm32f4xx_it.o(i.SPI3_IRQHandler)
    StartAudio                               0x080091b1   Thumb Code   144  waveplayer.o(i.StartAudio)
    SysTick_Handler                          0x08009269   Thumb Code    12  stm32f4xx_it.o(i.SysTick_Handler)
    SystemClock_Config                       0x08009275   Thumb Code   158  main.o(i.SystemClock_Config)
    SystemInit                               0x0800931d   Thumb Code    82  system_stm32f4xx.o(i.SystemInit)
    USBD_CDC_GetDeviceQualifierDescriptor    0x08009441   Thumb Code    10  usbd_cdc.o(i.USBD_CDC_GetDeviceQualifierDescriptor)
    USBD_CDC_RegisterInterface               0x08009527   Thumb Code    14  usbd_cdc.o(i.USBD_CDC_RegisterInterface)
    USBD_CDC_SetRxBuffer                     0x08009535   Thumb Code    14  usbd_cdc.o(i.USBD_CDC_SetRxBuffer)
    USBD_CDC_SetTxBuffer                     0x08009543   Thumb Code    20  usbd_cdc.o(i.USBD_CDC_SetTxBuffer)
    USBD_ClrClassConfig                      0x080095e9   Thumb Code    22  usbd_core.o(i.USBD_ClrClassConfig)
    USBD_CtlContinueRx                       0x08009643   Thumb Code    24  usbd_ioreq.o(i.USBD_CtlContinueRx)
    USBD_CtlContinueSendData                 0x0800965b   Thumb Code    24  usbd_ioreq.o(i.USBD_CtlContinueSendData)
    USBD_CtlError                            0x08009673   Thumb Code    24  usbd_ctlreq.o(i.USBD_CtlError)
    USBD_CtlPrepareRx                        0x0800968b   Thumb Code    40  usbd_ioreq.o(i.USBD_CtlPrepareRx)
    USBD_CtlReceiveStatus                    0x080096b3   Thumb Code    26  usbd_ioreq.o(i.USBD_CtlReceiveStatus)
    USBD_CtlSendData                         0x080096cd   Thumb Code    34  usbd_ioreq.o(i.USBD_CtlSendData)
    USBD_CtlSendStatus                       0x080096ef   Thumb Code    26  usbd_ioreq.o(i.USBD_CtlSendStatus)
    USBD_FS_ConfigStrDescriptor              0x08009709   Thumb Code    34  usbd_desc.o(i.USBD_FS_ConfigStrDescriptor)
    USBD_FS_DeviceDescriptor                 0x0800973d   Thumb Code    10  usbd_desc.o(i.USBD_FS_DeviceDescriptor)
    USBD_FS_InterfaceStrDescriptor           0x0800974d   Thumb Code    34  usbd_desc.o(i.USBD_FS_InterfaceStrDescriptor)
    USBD_FS_LangIDStrDescriptor              0x08009785   Thumb Code    10  usbd_desc.o(i.USBD_FS_LangIDStrDescriptor)
    USBD_FS_ManufacturerStrDescriptor        0x08009795   Thumb Code    20  usbd_desc.o(i.USBD_FS_ManufacturerStrDescriptor)
    USBD_FS_ProductStrDescriptor             0x080097c1   Thumb Code    34  usbd_desc.o(i.USBD_FS_ProductStrDescriptor)
    USBD_FS_SerialStrDescriptor              0x08009801   Thumb Code    34  usbd_desc.o(i.USBD_FS_SerialStrDescriptor)
    USBD_GetString                           0x08009a29   Thumb Code    82  usbd_ctlreq.o(i.USBD_GetString)
    USBD_Init                                0x08009a7b   Thumb Code    50  usbd_core.o(i.USBD_Init)
    USBD_LL_ClearStallEP                     0x08009aad   Thumb Code    20  usbd_conf.o(i.USBD_LL_ClearStallEP)
    USBD_LL_CloseEP                          0x08009ac1   Thumb Code    20  usbd_conf.o(i.USBD_LL_CloseEP)
    USBD_LL_DataInStage                      0x08009ad5   Thumb Code   218  usbd_core.o(i.USBD_LL_DataInStage)
    USBD_LL_DataOutStage                     0x08009baf   Thumb Code   134  usbd_core.o(i.USBD_LL_DataOutStage)
    USBD_LL_DevConnected                     0x08009c35   Thumb Code     6  usbd_core.o(i.USBD_LL_DevConnected)
    USBD_LL_DevDisconnected                  0x08009c3b   Thumb Code    26  usbd_core.o(i.USBD_LL_DevDisconnected)
    USBD_LL_GetRxDataSize                    0x08009c55   Thumb Code    18  usbd_conf.o(i.USBD_LL_GetRxDataSize)
    USBD_LL_Init                             0x08009c69   Thumb Code   100  usbd_conf.o(i.USBD_LL_Init)
    USBD_LL_IsStallEP                        0x08009cd1   Thumb Code    56  usbd_conf.o(i.USBD_LL_IsStallEP)
    USBD_LL_IsoINIncomplete                  0x08009d09   Thumb Code     6  usbd_core.o(i.USBD_LL_IsoINIncomplete)
    USBD_LL_IsoOUTIncomplete                 0x08009d0f   Thumb Code     6  usbd_core.o(i.USBD_LL_IsoOUTIncomplete)
    USBD_LL_OpenEP                           0x08009d15   Thumb Code    32  usbd_conf.o(i.USBD_LL_OpenEP)
    USBD_LL_PrepareReceive                   0x08009d35   Thumb Code    32  usbd_conf.o(i.USBD_LL_PrepareReceive)
    USBD_LL_Reset                            0x08009d55   Thumb Code    68  usbd_core.o(i.USBD_LL_Reset)
    USBD_LL_Resume                           0x08009d99   Thumb Code    14  usbd_core.o(i.USBD_LL_Resume)
    USBD_LL_SOF                              0x08009da7   Thumb Code    34  usbd_core.o(i.USBD_LL_SOF)
    USBD_LL_SetSpeed                         0x08009dc9   Thumb Code     8  usbd_core.o(i.USBD_LL_SetSpeed)
    USBD_LL_SetUSBAddress                    0x08009dd1   Thumb Code    20  usbd_conf.o(i.USBD_LL_SetUSBAddress)
    USBD_LL_SetupStage                       0x08009de5   Thumb Code   110  usbd_core.o(i.USBD_LL_SetupStage)
    USBD_LL_StallEP                          0x08009e53   Thumb Code    20  usbd_conf.o(i.USBD_LL_StallEP)
    USBD_LL_Start                            0x08009e67   Thumb Code    16  usbd_conf.o(i.USBD_LL_Start)
    USBD_LL_Suspend                          0x08009e77   Thumb Code    20  usbd_core.o(i.USBD_LL_Suspend)
    USBD_LL_Transmit                         0x08009e8b   Thumb Code    32  usbd_conf.o(i.USBD_LL_Transmit)
    USBD_ParseSetupRequest                   0x08009eab   Thumb Code    40  usbd_ctlreq.o(i.USBD_ParseSetupRequest)
    USBD_RegisterClass                       0x08009ed3   Thumb Code    16  usbd_core.o(i.USBD_RegisterClass)
    USBD_RunTestMode                         0x08009ee3   Thumb Code     6  usbd_core.o(i.USBD_RunTestMode)
    USBD_SetClassConfig                      0x08009f3d   Thumb Code    34  usbd_core.o(i.USBD_SetClassConfig)
    USBD_Start                               0x0800a065   Thumb Code    14  usbd_core.o(i.USBD_Start)
    USBD_StdDevReq                           0x0800a073   Thumb Code   114  usbd_ctlreq.o(i.USBD_StdDevReq)
    USBD_StdEPReq                            0x0800a0e5   Thumb Code   342  usbd_ctlreq.o(i.USBD_StdEPReq)
    USBD_StdItfReq                           0x0800a23b   Thumb Code    74  usbd_ctlreq.o(i.USBD_StdItfReq)
    USB_ActivateEndpoint                     0x0800a285   Thumb Code   192  stm32f4xx_ll_usb.o(i.USB_ActivateEndpoint)
    USB_ActivateSetup                        0x0800a349   Thumb Code    68  stm32f4xx_ll_usb.o(i.USB_ActivateSetup)
    USB_CoreInit                             0x0800a38d   Thumb Code   108  stm32f4xx_ll_usb.o(i.USB_CoreInit)
    USB_DeactivateEndpoint                   0x0800a449   Thumb Code   162  stm32f4xx_ll_usb.o(i.USB_DeactivateEndpoint)
    USB_DevConnect                           0x0800a4f1   Thumb Code    30  stm32f4xx_ll_usb.o(i.USB_DevConnect)
    USB_DevDisconnect                        0x0800a50f   Thumb Code    30  stm32f4xx_ll_usb.o(i.USB_DevDisconnect)
    USB_DevInit                              0x0800a52d   Thumb Code   396  stm32f4xx_ll_usb.o(i.USB_DevInit)
    USB_DisableGlobalInt                     0x0800a6c9   Thumb Code    14  stm32f4xx_ll_usb.o(i.USB_DisableGlobalInt)
    USB_EP0StartXfer                         0x0800a6d9   Thumb Code   426  stm32f4xx_ll_usb.o(i.USB_EP0StartXfer)
    USB_EP0_OutStart                         0x0800a889   Thumb Code    68  stm32f4xx_ll_usb.o(i.USB_EP0_OutStart)
    USB_EPClearStall                         0x0800a8cd   Thumb Code   136  stm32f4xx_ll_usb.o(i.USB_EPClearStall)
    USB_EPSetStall                           0x0800a955   Thumb Code   140  stm32f4xx_ll_usb.o(i.USB_EPSetStall)
    USB_EPStartXfer                          0x0800a9e1   Thumb Code   714  stm32f4xx_ll_usb.o(i.USB_EPStartXfer)
    USB_EnableGlobalInt                      0x0800acb1   Thumb Code    14  stm32f4xx_ll_usb.o(i.USB_EnableGlobalInt)
    USB_FlushRxFifo                          0x0800acc1   Thumb Code    38  stm32f4xx_ll_usb.o(i.USB_FlushRxFifo)
    USB_FlushTxFifo                          0x0800aced   Thumb Code    44  stm32f4xx_ll_usb.o(i.USB_FlushTxFifo)
    USB_GetDevSpeed                          0x0800ad1d   Thumb Code    68  stm32f4xx_ll_usb.o(i.USB_GetDevSpeed)
    USB_GetMode                              0x0800ad61   Thumb Code    10  stm32f4xx_ll_usb.o(i.USB_GetMode)
    USB_ReadDevAllInEpInterrupt              0x0800ad6b   Thumb Code    18  stm32f4xx_ll_usb.o(i.USB_ReadDevAllInEpInterrupt)
    USB_ReadDevAllOutEpInterrupt             0x0800ad7d   Thumb Code    18  stm32f4xx_ll_usb.o(i.USB_ReadDevAllOutEpInterrupt)
    USB_ReadDevInEPInterrupt                 0x0800ad8f   Thumb Code    44  stm32f4xx_ll_usb.o(i.USB_ReadDevInEPInterrupt)
    USB_ReadDevOutEPInterrupt                0x0800adbb   Thumb Code    22  stm32f4xx_ll_usb.o(i.USB_ReadDevOutEPInterrupt)
    USB_ReadInterrupts                       0x0800add1   Thumb Code    12  stm32f4xx_ll_usb.o(i.USB_ReadInterrupts)
    USB_ReadPacket                           0x0800addd   Thumb Code    40  stm32f4xx_ll_usb.o(i.USB_ReadPacket)
    USB_SetCurrentMode                       0x0800ae05   Thumb Code    48  stm32f4xx_ll_usb.o(i.USB_SetCurrentMode)
    USB_SetDevAddress                        0x0800ae35   Thumb Code    36  stm32f4xx_ll_usb.o(i.USB_SetDevAddress)
    USB_SetDevSpeed                          0x0800ae59   Thumb Code    16  stm32f4xx_ll_usb.o(i.USB_SetDevSpeed)
    USB_WritePacket                          0x0800ae69   Thumb Code    58  stm32f4xx_ll_usb.o(i.USB_WritePacket)
    UsageFault_Handler                       0x0800aea3   Thumb Code    10  stm32f4xx_it.o(i.UsageFault_Handler)
    Write7SegIT                              0x0800aead   Thumb Code   172  stm32f4xx_it.o(i.Write7SegIT)
    Write7SegWave                            0x0800af5d   Thumb Code   172  waveplayer.o(i.Write7SegWave)
    __ARM_fpclassify                         0x0800b00d   Thumb Code    48  fpclassify.o(i.__ARM_fpclassify)
    __ARM_fpclassifyf                        0x0800b03d   Thumb Code    38  fpclassifyf.o(i.__ARM_fpclassifyf)
    __hardfp_cos                             0x0800b069   Thumb Code   180  cos.o(i.__hardfp_cos)
    __hardfp_powf                            0x0800b131   Thumb Code  1518  powf.o(i.__hardfp_powf)
    __mathlib_powf                           0x0800b131   Thumb Code     0  powf.o(i.__hardfp_powf)
    __hardfp_round                           0x0800b741   Thumb Code   194  round.o(i.__hardfp_round)
    __ieee754_rem_pio2                       0x0800b821   Thumb Code   938  rred.o(i.__ieee754_rem_pio2)
    __kernel_cos                             0x0800bc59   Thumb Code   322  cos_i.o(i.__kernel_cos)
    __kernel_poly                            0x0800bdc9   Thumb Code   248  poly.o(i.__kernel_poly)
    __kernel_sin                             0x0800bec1   Thumb Code   280  sin_i.o(i.__kernel_sin)
    __mathlib_dbl_infnan                     0x0800bff1   Thumb Code    20  dunder.o(i.__mathlib_dbl_infnan)
    __mathlib_dbl_invalid                    0x0800c009   Thumb Code    24  dunder.o(i.__mathlib_dbl_invalid)
    __mathlib_dbl_underflow                  0x0800c029   Thumb Code    24  dunder.o(i.__mathlib_dbl_underflow)
    __mathlib_flt_divzero                    0x0800c049   Thumb Code    14  funder.o(i.__mathlib_flt_divzero)
    __mathlib_flt_infnan2                    0x0800c05d   Thumb Code     6  funder.o(i.__mathlib_flt_infnan2)
    __mathlib_flt_invalid                    0x0800c065   Thumb Code    10  funder.o(i.__mathlib_flt_invalid)
    __mathlib_flt_overflow                   0x0800c075   Thumb Code    10  funder.o(i.__mathlib_flt_overflow)
    __mathlib_flt_underflow                  0x0800c085   Thumb Code    10  funder.o(i.__mathlib_flt_underflow)
    __scatterload_copy                       0x0800c095   Thumb Code    14  handlers.o(i.__scatterload_copy)
    __scatterload_null                       0x0800c0a3   Thumb Code     2  handlers.o(i.__scatterload_null)
    __scatterload_zeroinit                   0x0800c0a5   Thumb Code    14  handlers.o(i.__scatterload_zeroinit)
    __set_errno                              0x0800c0b5   Thumb Code     6  errno.o(i.__set_errno)
    assert_failed                            0x0800c0c1   Thumb Code     2  main.o(i.assert_failed)
    changePhaseInc                           0x0800c0c5   Thumb Code    16  waveplayer.o(i.changePhaseInc)
    computeCentroid                          0x0800c0dd   Thumb Code    82  waveplayer.o(i.computeCentroid)
    doComplexFft                             0x0800c139   Thumb Code   222  waveplayer.o(i.doComplexFft)
    fabs                                     0x0800c255   Thumb Code    24  fabs.o(i.fabs)
    fftBin2Freq                              0x0800c26d   Thumb Code    26  waveplayer.o(i.fftBin2Freq)
    fftDisplayMaxBin                         0x0800c28d   Thumb Code   110  waveplayer.o(i.fftDisplayMaxBin)
    fillBufferWithInputProcess               0x0800c311   Thumb Code   216  waveplayer.o(i.fillBufferWithInputProcess)
    free                                     0x0800c3f9   Thumb Code    76  malloc.o(i.free)
    generateHannWindow                       0x0800c449   Thumb Code   148  waveplayer.o(i.generateHannWindow)
    initScalars                              0x0800c4f9   Thumb Code    78  waveplayer.o(i.initScalars)
    main                                     0x0800c55d   Thumb Code   102  main.o(i.main)
    malloc                                   0x0800c5cd   Thumb Code    92  malloc.o(i.malloc)
    myProcess                                0x0800c639   Thumb Code   700  waveplayer.o(i.myProcess)
    newSinGen                                0x0800c945   Thumb Code    30  waveplayer.o(i.newSinGen)
    setDelay                                 0x0800c96d   Thumb Code   102  waveplayer.o(i.setDelay)
    updatePhase                              0x0800c9ed   Thumb Code    58  waveplayer.o(i.updatePhase)
    APBAHBPrescTable                         0x0800ca30   Data          16  stm32f4xx_hal_rcc.o(.constdata)
    arm_cfft_sR_f32_len16                    0x0800ca40   Data          16  arm_const_structs.o(.constdata)
    arm_cfft_sR_f32_len32                    0x0800ca50   Data          16  arm_const_structs.o(.constdata)
    arm_cfft_sR_f32_len64                    0x0800ca60   Data          16  arm_const_structs.o(.constdata)
    arm_cfft_sR_f32_len128                   0x0800ca70   Data          16  arm_const_structs.o(.constdata)
    arm_cfft_sR_f32_len256                   0x0800ca80   Data          16  arm_const_structs.o(.constdata)
    arm_cfft_sR_f32_len512                   0x0800ca90   Data          16  arm_const_structs.o(.constdata)
    arm_cfft_sR_f32_len1024                  0x0800caa0   Data          16  arm_const_structs.o(.constdata)
    arm_cfft_sR_f32_len2048                  0x0800cab0   Data          16  arm_const_structs.o(.constdata)
    arm_cfft_sR_f32_len4096                  0x0800cac0   Data          16  arm_const_structs.o(.constdata)
    twiddleCoef_16                           0x0800cad0   Data         128  arm_common_tables.o(.constdata)
    twiddleCoef_32                           0x0800cb50   Data         256  arm_common_tables.o(.constdata)
    twiddleCoef_64                           0x0800cc50   Data         512  arm_common_tables.o(.constdata)
    twiddleCoef_128                          0x0800ce50   Data        1024  arm_common_tables.o(.constdata)
    twiddleCoef_256                          0x0800d250   Data        2048  arm_common_tables.o(.constdata)
    twiddleCoef_512                          0x0800da50   Data        4096  arm_common_tables.o(.constdata)
    twiddleCoef_1024                         0x0800ea50   Data        8192  arm_common_tables.o(.constdata)
    twiddleCoef_2048                         0x08010a50   Data       16384  arm_common_tables.o(.constdata)
    twiddleCoef_4096                         0x08014a50   Data       32768  arm_common_tables.o(.constdata)
    armBitRevIndexTable16                    0x0801ca50   Data          40  arm_common_tables.o(.constdata)
    armBitRevIndexTable32                    0x0801ca78   Data          96  arm_common_tables.o(.constdata)
    armBitRevIndexTable64                    0x0801cad8   Data         112  arm_common_tables.o(.constdata)
    armBitRevIndexTable128                   0x0801cb48   Data         416  arm_common_tables.o(.constdata)
    armBitRevIndexTable256                   0x0801cce8   Data         880  arm_common_tables.o(.constdata)
    armBitRevIndexTable512                   0x0801d058   Data         896  arm_common_tables.o(.constdata)
    armBitRevIndexTable1024                  0x0801d3d8   Data        3600  arm_common_tables.o(.constdata)
    armBitRevIndexTable2048                  0x0801e1e8   Data        7616  arm_common_tables.o(.constdata)
    armBitRevIndexTable4096                  0x0801ffa8   Data        8064  arm_common_tables.o(.constdata)
    sinTable_f32                             0x08021f28   Data        2052  arm_common_tables.o(.constdata)
    Region$$Table$$Base                      0x08022990   Number         0  anon$$obj.o(Region$$Table)
    Region$$Table$$Limit                     0x080229b0   Number         0  anon$$obj.o(Region$$Table)
    hUsbDevice_0                             0x20000000   Data           4  usbd_cdc_if.o(.data)
    USBD_Interface_fops_FS                   0x20000004   Data          16  usbd_cdc_if.o(.data)
    FS_Desc                                  0x20000014   Data          28  usbd_desc.o(.data)
    USBD_FS_DeviceDesc                       0x20000030   Data          18  usbd_desc.o(.data)
    USBD_LangIDDesc                          0x20000044   Data           4  usbd_desc.o(.data)
    i2cDataSize                              0x20000048   Data           2  waveplayer.o(.data)
    myI2cData                                0x2000004a   Data           2  waveplayer.o(.data)
    I2Ctimeout                               0x2000004c   Data           4  waveplayer.o(.data)
    i2cDataSize2                             0x20000050   Data           2  waveplayer.o(.data)
    myTouchpad                               0x20000052   Data           2  waveplayer.o(.data)
    I2Ctimeout2                              0x20000054   Data           4  waveplayer.o(.data)
    dirParamInc                              0x20000058   Data           3  waveplayer.o(.data)
    feedbacksamp                             0x2000005c   Data           4  waveplayer.o(.data)
    oldFeedbackSamp                          0x20000060   Data           4  waveplayer.o(.data)
    historyCrossfade                         0x20000064   Data           4  waveplayer.o(.data)
    crossfade_count                          0x20000068   Data           4  waveplayer.o(.data)
    our_tempdelay                            0x2000006c   Data           4  waveplayer.o(.data)
    our_lastdelay                            0x20000070   Data           4  waveplayer.o(.data)
    env_detector_thresh                      0x20000074   Data           4  waveplayer.o(.data)
    prevEnvGain                              0x20000078   Data           4  waveplayer.o(.data)
    ledVal                                   0x2000007c   Data           2  waveplayer.o(.data)
    newFreq                                  0x20000080   Data           4  waveplayer.o(.data)
    newDelay                                 0x20000084   Data           4  waveplayer.o(.data)
    newFeedback                              0x20000088   Data           4  waveplayer.o(.data)
    newDecay                                 0x2000008c   Data           4  waveplayer.o(.data)
    newDecaySine                             0x20000090   Data           4  waveplayer.o(.data)
    newDecayNoise                            0x20000094   Data           4  waveplayer.o(.data)
    newCF_DelaySine                          0x20000098   Data           4  waveplayer.o(.data)
    newCF_NoiseSine                          0x2000009c   Data           4  waveplayer.o(.data)
    gainBoost                                0x200000a0   Data           4  waveplayer.o(.data)
    m_drive                                  0x200000a4   Data           4  waveplayer.o(.data)
    N                                        0x200000a8   Data           4  waveplayer.o(.data)
    noiseGain                                0x200000ac   Data           4  waveplayer.o(.data)
    m_input0                                 0x200000b0   Data           4  waveplayer.o(.data)
    m_input1                                 0x200000b4   Data           4  waveplayer.o(.data)
    m_output0                                0x200000b8   Data           4  waveplayer.o(.data)
    m_input0_f2                              0x200000bc   Data           4  waveplayer.o(.data)
    m_input1_f2                              0x200000c0   Data           4  waveplayer.o(.data)
    m_output0_f2                             0x200000c4   Data           4  waveplayer.o(.data)
    lpOut_f2                                 0x200000c8   Data           4  waveplayer.o(.data)
    AudioGateVal                             0x200000cc   Data           4  waveplayer.o(.data)
    computed_samples                         0x200000d0   Data           8  waveplayer.o(.data)
    ic_counter                               0x200000d8   Data           1  waveplayer.o(.data)
    FeedbackLookup                           0x200000dc   Data          20  waveplayer.o(.data)
    FeedbackLookup2                          0x200000f0   Data          20  waveplayer.o(.data)
    FeedbackLookup3                          0x20000104   Data          20  waveplayer.o(.data)
    FeedbackLookup4                          0x20000118   Data          20  waveplayer.o(.data)
    DelayLookup                              0x2000012c   Data          16  waveplayer.o(.data)
    myRandomNumber                           0x20000168   Data           4  waveplayer.o(.data)
    myStatus                                 0x2000016c   Data           1  waveplayer.o(.data)
    LEDsState                                0x20000170   Data           4  waveplayer.o(.data)
    AudioPlayStart                           0x20000174   Data           4  waveplayer.o(.data)
    myTimeout                                0x2000017c   Data           4  waveplayer.o(.data)
    phasor                                   0x20000180   Data           4  waveplayer.o(.data)
    phaseInc                                 0x20000184   Data           4  waveplayer.o(.data)
    ADC_out                                  0x20000188   Data           2  waveplayer.o(.data)
    ADC_in                                   0x2000018a   Data           2  waveplayer.o(.data)
    IC_tx                                    0x2000018c   Data           4  waveplayer.o(.data)
    IC_rx                                    0x20000190   Data           4  waveplayer.o(.data)
    m                                        0x20000194   Data           4  waveplayer.o(.data)
    mess                                     0x20000198   Data           2  waveplayer.o(.data)
    testTemp                                 0x2000019c   Data           4  waveplayer.o(.data)
    whichknob                                0x200001a0   Data           4  waveplayer.o(.data)
    pinkb0                                   0x200001a4   Data           4  waveplayer.o(.data)
    pinkb1                                   0x200001a8   Data           4  waveplayer.o(.data)
    pinkb2                                   0x200001ac   Data           4  waveplayer.o(.data)
    a0                                       0x200001b0   Data           4  waveplayer.o(.data)
    a1                                       0x200001b4   Data           4  waveplayer.o(.data)
    b1                                       0x200001b8   Data           4  waveplayer.o(.data)
    xs                                       0x200001bc   Data           4  waveplayer.o(.data)
    ys                                       0x200001c0   Data           4  waveplayer.o(.data)
    R                                        0x200001c4   Data           4  waveplayer.o(.data)
    y                                        0x200001c8   Data           4  waveplayer.o(.data)
    xs2                                      0x200001cc   Data           4  waveplayer.o(.data)
    ys2                                      0x200001d0   Data           4  waveplayer.o(.data)
    R2                                       0x200001d4   Data           4  waveplayer.o(.data)
    y2                                       0x200001d8   Data           4  waveplayer.o(.data)
    xs3                                      0x200001dc   Data           4  waveplayer.o(.data)
    ys3                                      0x200001e0   Data           4  waveplayer.o(.data)
    R3                                       0x200001e4   Data           4  waveplayer.o(.data)
    y3                                       0x200001e8   Data           4  waveplayer.o(.data)
    nextOutput                               0x200001ec   Data           4  waveplayer.o(.data)
    doNextOut                                0x200001f0   Data           4  waveplayer.o(.data)
    inPoint                                  0x200001f4   Data           4  waveplayer.o(.data)
    length                                   0x200001f8   Data           4  waveplayer.o(.data)
    outPoint                                 0x200001fc   Data           4  waveplayer.o(.data)
    delay                                    0x20000200   Data           4  waveplayer.o(.data)
    alpha                                    0x20000204   Data           4  waveplayer.o(.data)
    omAlpha                                  0x20000208   Data           4  waveplayer.o(.data)
    main_counter                             0x2000020c   Data           2  waveplayer.o(.data)
    mycounter16                              0x2000020e   Data           2  waveplayer.o(.data)
    adc_1                                    0x20000210   Data           2  waveplayer.o(.data)
    mycounter16In                            0x20000212   Data           2  waveplayer.o(.data)
    prevcounterOut                           0x20000214   Data           2  waveplayer.o(.data)
    mycounter                                0x20000216   Data           1  waveplayer.o(.data)
    stopME                                   0x20000217   Data           1  waveplayer.o(.data)
    whichKnob                                0x20000218   Data           1  waveplayer.o(.data)
    toDisplay                                0x20000219   Data           1  waveplayer.o(.data)
    SystemCoreClock                          0x2000021c   Data           4  system_stm32f4xx.o(.data)
    AHBPrescTable                            0x20000220   Data          16  system_stm32f4xx.o(.data)
    USBD_CDC                                 0x2000023c   Data          56  usbd_cdc.o(.data)
    USBD_CDC_CfgHSDesc                       0x20000274   Data          67  usbd_cdc.o(.data)
    USBD_CDC_CfgFSDesc                       0x200002b8   Data          67  usbd_cdc.o(.data)
    USBD_CDC_OtherSpeedCfgDesc               0x200002fc   Data          67  usbd_cdc.o(.data)
    __microlib_freelist                      0x20000348   Data           4  mvars.o(.data)
    __microlib_freelist_initialised          0x2000034c   Data           4  mvars.o(.data)
    hUsbDeviceFS                             0x20000354   Data         548  usb_device.o(.bss)
    hrng                                     0x20000578   Data          12  rng.o(.bss)
    UserRxBufferFS                           0x20000584   Data         512  usbd_cdc_if.o(.bss)
    UserTxBufferFS                           0x20000784   Data         512  usbd_cdc_if.o(.bss)
    ADC_values                               0x20000984   Data          20  main.o(.bss)
    ADC_LastRead                             0x20000998   Data          20  main.o(.bss)
    hspi1                                    0x200009ac   Data          88  spi.o(.bss)
    hspi2                                    0x20000a04   Data          88  spi.o(.bss)
    hdma_spi1_rx                             0x20000a5c   Data          80  spi.o(.bss)
    hdma_spi1_tx                             0x20000aac   Data          80  spi.o(.bss)
    hdma_spi2_tx                             0x20000afc   Data          80  spi.o(.bss)
    hdma_spi2_rx                             0x20000b4c   Data          80  spi.o(.bss)
    hi2c1                                    0x20000b9c   Data          60  i2c.o(.bss)
    hdma_i2c1_rx                             0x20000bd8   Data          80  i2c.o(.bss)
    hi2s3                                    0x20000c28   Data          68  i2s.o(.bss)
    hdma_spi3_tx                             0x20000c6c   Data          80  i2s.o(.bss)
    hdma_i2s3_ext_rx                         0x20000cbc   Data          80  i2s.o(.bss)
    USBD_StrDesc                             0x20000d0c   Data         512  usbd_desc.o(.bss)
    hpcd_USB_OTG_FS                          0x20000f0c   Data         948  usbd_conf.o(.bss)
    hadc3                                    0x200012c0   Data          68  adc.o(.bss)
    mParamInc                                0x20001304   Data          12  waveplayer.o(.bss)
    destParamValue                           0x20001310   Data          12  waveplayer.o(.bss)
    currParamValue                           0x2000131c   Data          12  waveplayer.o(.bss)
    delayed_samples                          0x20001328   Data       65536  waveplayer.o(.bss)
    envOutput                                0x20011328   Data          12  waveplayer.o(.bss)
    envGain                                  0x20011334   Data          12  waveplayer.o(.bss)
    Send_Buffer                              0x20017b40   Data          16  waveplayer.o(.bss)
    Receive_Buffer                           0x20017b50   Data          16  waveplayer.o(.bss)
    scalar                                   0x20017b60   Data          12  waveplayer.o(.bss)
    ICbufferTx                               0x20017b6c   Data          40  waveplayer.o(.bss)
    ICbufferRx                               0x20017b94   Data          40  waveplayer.o(.bss)
    __heap_base                              0x20017bc0   Data           0  startup_stm32f405xx.o(HEAP)
    __heap_limit                             0x20017dc0   Data           0  startup_stm32f405xx.o(HEAP)
    __initial_sp                             0x200181c0   Data           0  startup_stm32f405xx.o(STACK)



==============================================================================

Memory Map of the image

  Image Entry point : 0x08000249

  Load Region LR_IROM1 (Base: 0x08000000, Size: 0x00022d04, Max: 0x00100000, ABSOLUTE, COMPRESSED[0x00022ae4])

    Execution Region ER_IROM1 (Base: 0x08000000, Size: 0x000229b0, Max: 0x00100000, ABSOLUTE)

    Base Addr    Size         Type   Attr      Idx    E Section Name        Object

    0x08000000   0x00000188   Data   RO            3    RESET               startup_stm32f405xx.o
    0x08000188   0x000000c0   Code   RO         4864    . text              arm_cortexM4lf_math.lib(arm_bitreversal2.o)
    0x08000248   0x00000000   Code   RO         4988  * .ARM.Collect$$$$00000000  mc_w.l(entry.o)
    0x08000248   0x00000004   Code   RO         5077    .ARM.Collect$$$$00000001  mc_w.l(entry2.o)
    0x0800024c   0x00000004   Code   RO         5080    .ARM.Collect$$$$00000004  mc_w.l(entry5.o)
    0x08000250   0x00000000   Code   RO         5082    .ARM.Collect$$$$00000008  mc_w.l(entry7b.o)
    0x08000250   0x00000000   Code   RO         5084    .ARM.Collect$$$$0000000A  mc_w.l(entry8b.o)
    0x08000250   0x00000008   Code   RO         5085    .ARM.Collect$$$$0000000B  mc_w.l(entry9a.o)
    0x08000258   0x00000000   Code   RO         5087    .ARM.Collect$$$$0000000D  mc_w.l(entry10a.o)
    0x08000258   0x00000000   Code   RO         5089    .ARM.Collect$$$$0000000F  mc_w.l(entry11a.o)
    0x08000258   0x00000004   Code   RO         5078    .ARM.Collect$$$$00002712  mc_w.l(entry2.o)
    0x0800025c   0x00000024   Code   RO            4    .text               startup_stm32f405xx.o
    0x08000280   0x00000074   Code   RO         4665    .text               arm_cortexM4lf_math.lib(arm_sin_f32.o)
    0x080002f4   0x000000fc   Code   RO         4718    .text               arm_cortexM4lf_math.lib(arm_cmplx_mag_f32.o)
    0x080003f0   0x00000722   Code   RO         4745    .text               arm_cortexM4lf_math.lib(arm_cfft_f32.o)
    0x08000b12   0x00000002   PAD
    0x08000b14   0x000000d8   Code   RO         4769    .text               arm_cortexM4lf_math.lib(arm_max_f32.o)
    0x08000bec   0x000004dc   Code   RO         4843    .text               arm_cortexM4lf_math.lib(arm_cfft_radix8_f32.o)
    0x080010c8   0x00000024   Code   RO         4991    .text               mc_w.l(memcpya.o)
    0x080010ec   0x0000014e   Code   RO         5023    .text               mf_w.l(dadd.o)
    0x0800123a   0x000000e4   Code   RO         5025    .text               mf_w.l(dmul.o)
    0x0800131e   0x00000032   Code   RO         5027    .text               mf_w.l(dfixui.o)
    0x08001350   0x00000026   Code   RO         5029    .text               mf_w.l(f2d.o)
    0x08001376   0x00000038   Code   RO         5031    .text               mf_w.l(d2f.o)
    0x080013ae   0x0000001e   Code   RO         5091    .text               mc_w.l(llshl.o)
    0x080013cc   0x00000020   Code   RO         5093    .text               mc_w.l(llushr.o)
    0x080013ec   0x00000024   Code   RO         5095    .text               mc_w.l(llsshr.o)
    0x08001410   0x00000000   Code   RO         5106    .text               mc_w.l(iusefp.o)
    0x08001410   0x0000006e   Code   RO         5107    .text               mf_w.l(fepilogue.o)
    0x0800147e   0x000000ba   Code   RO         5109    .text               mf_w.l(depilogue.o)
    0x08001538   0x00000088   Code   RO         5113    .text               mf_w.l(drnd.o)
    0x080015c0   0x00000030   Code   RO         5115    .text               mf_w.l(cdcmple.o)
    0x080015f0   0x00000030   Code   RO         5117    .text               mf_w.l(cdrcmple.o)
    0x08001620   0x00000024   Code   RO         5133    .text               mc_w.l(init.o)
    0x08001644   0x000000de   Code   RO         5135    .text               mf_w.l(ddiv.o)
    0x08001722   0x00000022   Code   RO         5137    .text               mf_w.l(dflti.o)
    0x08001744   0x0000001a   Code   RO         5139    .text               mf_w.l(dfltui.o)
    0x0800175e   0x0000003e   Code   RO         5141    .text               mf_w.l(dfixi.o)
    0x0800179c   0x00000056   Code   RO         5151    .text               mc_w.l(__dczerorl2.o)
    0x080017f2   0x00000002   PAD
    0x080017f4   0x00000010   Code   RO          306    i.ADC_IRQHandler    stm32f4xx_it.o
    0x08001804   0x000001cc   Code   RO         2752    i.ADC_Init          stm32f4xx_hal_adc.o
    0x080019d0   0x00000160   Code   RO         1027    i.AudioCodec_init   waveplayer.o
    0x08001b30   0x00000004   Code   RO          307    i.BusFault_Handler  stm32f4xx_it.o
    0x08001b34   0x00000006   Code   RO          230    i.CDC_Control_FS    usbd_cdc_if.o
    0x08001b3a   0x00000002   PAD
    0x08001b3c   0x00000028   Code   RO          231    i.CDC_DeInit_FS     usbd_cdc_if.o
    0x08001b64   0x00000014   Code   RO          232    i.CDC_Init_FS       usbd_cdc_if.o
    0x08001b78   0x00000048   Code   RO          233    i.CDC_Receive_FS    usbd_cdc_if.o
    0x08001bc0   0x00000010   Code   RO          308    i.DMA1_Stream0_IRQHandler  stm32f4xx_it.o
    0x08001bd0   0x00000010   Code   RO          309    i.DMA1_Stream3_IRQHandler  stm32f4xx_it.o
    0x08001be0   0x00000010   Code   RO          310    i.DMA1_Stream4_IRQHandler  stm32f4xx_it.o
    0x08001bf0   0x00000010   Code   RO          311    i.DMA1_Stream5_IRQHandler  stm32f4xx_it.o
    0x08001c00   0x00000010   Code   RO          312    i.DMA1_Stream7_IRQHandler  stm32f4xx_it.o
    0x08001c10   0x00000010   Code   RO          313    i.DMA2_Stream0_IRQHandler  stm32f4xx_it.o
    0x08001c20   0x00000010   Code   RO          314    i.DMA2_Stream3_IRQHandler  stm32f4xx_it.o
    0x08001c30   0x0000002c   Code   RO         2136    i.DMA_SetConfig     stm32f4xx_hal_dma.o
    0x08001c5c   0x00000004   Code   RO          315    i.DebugMon_Handler  stm32f4xx_it.o
    0x08001c60   0x00000002   Code   RO         4564    i.HAL_ADCEx_InjectedConvCpltCallback  stm32f4xx_hal_adc_ex.o
    0x08001c62   0x00000002   PAD
    0x08001c64   0x00000230   Code   RO         2754    i.HAL_ADC_ConfigChannel  stm32f4xx_hal_adc.o
    0x08001e94   0x00000002   Code   RO         2755    i.HAL_ADC_ConvCpltCallback  stm32f4xx_hal_adc.o
    0x08001e96   0x00000002   Code   RO         2758    i.HAL_ADC_ErrorCallback  stm32f4xx_hal_adc.o
    0x08001e98   0x000001dc   Code   RO         2762    i.HAL_ADC_IRQHandler  stm32f4xx_hal_adc.o
    0x08002074   0x00000264   Code   RO         2763    i.HAL_ADC_Init      stm32f4xx_hal_adc.o
    0x080022d8   0x00000002   Code   RO         2764    i.HAL_ADC_LevelOutOfWindowCallback  stm32f4xx_hal_adc.o
    0x080022da   0x00000002   PAD
    0x080022dc   0x00000060   Code   RO          961    i.HAL_ADC_MspInit   adc.o
    0x0800233c   0x00002638   Code   RO         2141    i.HAL_DMA_IRQHandler  stm32f4xx_hal_dma.o
    0x08004974   0x000002f0   Code   RO         2142    i.HAL_DMA_Init      stm32f4xx_hal_dma.o
    0x08004c64   0x000000dc   Code   RO         2145    i.HAL_DMA_Start_IT  stm32f4xx_hal_dma.o
    0x08004d40   0x0000001a   Code   RO         3337    i.HAL_Delay         stm32f4xx_hal.o
    0x08004d5a   0x00000002   PAD
    0x08004d5c   0x00000434   Code   RO         3587    i.HAL_GPIO_Init     stm32f4xx_hal_gpio.o
    0x08005190   0x00000074   Code   RO         3591    i.HAL_GPIO_WritePin  stm32f4xx_hal_gpio.o
    0x08005204   0x0000000c   Code   RO         3343    i.HAL_GetTick       stm32f4xx_hal.o
    0x08005210   0x000000e2   Code   RO         3827    i.HAL_I2C_ER_IRQHandler  stm32f4xx_hal_i2c.o
    0x080052f2   0x00000172   Code   RO         3828    i.HAL_I2C_EV_IRQHandler  stm32f4xx_hal_i2c.o
    0x08005464   0x00000002   Code   RO         3829    i.HAL_I2C_ErrorCallback  stm32f4xx_hal_i2c.o
    0x08005466   0x00000002   PAD
    0x08005468   0x00000240   Code   RO         3832    i.HAL_I2C_Init      stm32f4xx_hal_i2c.o
    0x080056a8   0x00000002   Code   RO         1031    i.HAL_I2C_MasterRxCpltCallback  waveplayer.o
    0x080056aa   0x00000002   Code   RO         3835    i.HAL_I2C_MasterTxCpltCallback  stm32f4xx_hal_i2c.o
    0x080056ac   0x0000011c   Code   RO         3839    i.HAL_I2C_Master_Transmit  stm32f4xx_hal_i2c.o
    0x080057c8   0x00000002   Code   RO         3842    i.HAL_I2C_MemRxCpltCallback  stm32f4xx_hal_i2c.o
    0x080057ca   0x00000002   Code   RO         3843    i.HAL_I2C_MemTxCpltCallback  stm32f4xx_hal_i2c.o
    0x080057cc   0x000000d4   Code   RO          597    i.HAL_I2C_MspInit   i2c.o
    0x080058a0   0x00000002   Code   RO         3852    i.HAL_I2C_SlaveRxCpltCallback  stm32f4xx_hal_i2c.o
    0x080058a2   0x00000002   Code   RO         3853    i.HAL_I2C_SlaveTxCpltCallback  stm32f4xx_hal_i2c.o
    0x080058a4   0x00000290   Code   RO         3495    i.HAL_I2SEx_TransmitReceive_DMA  stm32f4xx_hal_i2s_ex.o
    0x08005b34   0x00000002   Code   RO         2337    i.HAL_I2S_ErrorCallback  stm32f4xx_hal_i2s.o
    0x08005b36   0x00000002   PAD
    0x08005b38   0x00000310   Code   RO         3500    i.HAL_I2S_IRQHandler  stm32f4xx_hal_i2s_ex.o
    0x08005e48   0x000002bc   Code   RO         3501    i.HAL_I2S_Init      stm32f4xx_hal_i2s_ex.o
    0x08006104   0x00000154   Code   RO          663    i.HAL_I2S_MspInit   i2s.o
    0x08006258   0x00000002   Code   RO         1032    i.HAL_I2S_RxCpltCallback  waveplayer.o
    0x0800625a   0x00000002   Code   RO         1033    i.HAL_I2S_RxHalfCpltCallback  waveplayer.o
    0x0800625c   0x0000000c   Code   RO         1034    i.HAL_I2S_TxCpltCallback  waveplayer.o
    0x08006268   0x0000000c   Code   RO         1035    i.HAL_I2S_TxHalfCpltCallback  waveplayer.o
    0x08006274   0x00000010   Code   RO         3344    i.HAL_IncTick       stm32f4xx_hal.o
    0x08006284   0x0000003c   Code   RO         3345    i.HAL_Init          stm32f4xx_hal.o
    0x080062c0   0x00000024   Code   RO         3346    i.HAL_InitTick      stm32f4xx_hal.o
    0x080062e4   0x0000004e   Code   RO          282    i.HAL_MspInit       stm32f4xx_hal_msp.o
    0x08006332   0x00000002   PAD
    0x08006334   0x00000068   Code   RO         3652    i.HAL_NVIC_EnableIRQ  stm32f4xx_hal_cortex.o
    0x0800639c   0x000000d4   Code   RO         3658    i.HAL_NVIC_SetPriority  stm32f4xx_hal_cortex.o
    0x08006470   0x00000088   Code   RO         3659    i.HAL_NVIC_SetPriorityGrouping  stm32f4xx_hal_cortex.o
    0x080064f8   0x0000000a   Code   RO         4530    i.HAL_PCDEx_SetRxFiFo  stm32f4xx_hal_pcd_ex.o
    0x08006502   0x00000052   Code   RO         4531    i.HAL_PCDEx_SetTxFiFo  stm32f4xx_hal_pcd_ex.o
    0x08006554   0x0000000e   Code   RO          771    i.HAL_PCD_ConnectCallback  usbd_conf.o
    0x08006562   0x00000020   Code   RO          772    i.HAL_PCD_DataInStageCallback  usbd_conf.o
    0x08006582   0x00000020   Code   RO          773    i.HAL_PCD_DataOutStageCallback  usbd_conf.o
    0x080065a2   0x0000000e   Code   RO          774    i.HAL_PCD_DisconnectCallback  usbd_conf.o
    0x080065b0   0x0000006a   Code   RO         1930    i.HAL_PCD_EP_Close  stm32f4xx_hal_pcd.o
    0x0800661a   0x00000068   Code   RO         1931    i.HAL_PCD_EP_ClrStall  stm32f4xx_hal_pcd.o
    0x08006682   0x00000018   Code   RO         1933    i.HAL_PCD_EP_GetRxCount  stm32f4xx_hal_pcd.o
    0x0800669a   0x0000008c   Code   RO         1934    i.HAL_PCD_EP_Open   stm32f4xx_hal_pcd.o
    0x08006726   0x00000078   Code   RO         1935    i.HAL_PCD_EP_Receive  stm32f4xx_hal_pcd.o
    0x0800679e   0x0000007a   Code   RO         1936    i.HAL_PCD_EP_SetStall  stm32f4xx_hal_pcd.o
    0x08006818   0x0000007a   Code   RO         1937    i.HAL_PCD_EP_Transmit  stm32f4xx_hal_pcd.o
    0x08006892   0x00000534   Code   RO         1939    i.HAL_PCD_IRQHandler  stm32f4xx_hal_pcd.o
    0x08006dc6   0x00000012   Code   RO          775    i.HAL_PCD_ISOINIncompleteCallback  usbd_conf.o
    0x08006dd8   0x00000012   Code   RO          776    i.HAL_PCD_ISOOUTIncompleteCallback  usbd_conf.o
    0x08006dea   0x00000002   PAD
    0x08006dec   0x00000198   Code   RO         1942    i.HAL_PCD_Init      stm32f4xx_hal_pcd.o
    0x08006f84   0x0000008c   Code   RO          778    i.HAL_PCD_MspInit   usbd_conf.o
    0x08007010   0x00000032   Code   RO          779    i.HAL_PCD_ResetCallback  usbd_conf.o
    0x08007042   0x0000000e   Code   RO          780    i.HAL_PCD_ResumeCallback  usbd_conf.o
    0x08007050   0x0000000e   Code   RO          781    i.HAL_PCD_SOFCallback  usbd_conf.o
    0x0800705e   0x00000032   Code   RO         1948    i.HAL_PCD_SetAddress  stm32f4xx_hal_pcd.o
    0x08007090   0x00000012   Code   RO          782    i.HAL_PCD_SetupStageCallback  usbd_conf.o
    0x080070a2   0x00000034   Code   RO         1950    i.HAL_PCD_Start     stm32f4xx_hal_pcd.o
    0x080070d6   0x00000002   PAD
    0x080070d8   0x00000034   Code   RO          783    i.HAL_PCD_SuspendCallback  usbd_conf.o
    0x0800710c   0x00000002   Code   RO         3225    i.HAL_RCC_CSSCallback  stm32f4xx_hal_rcc.o
    0x0800710e   0x00000002   PAD
    0x08007110   0x00000450   Code   RO         3226    i.HAL_RCC_ClockConfig  stm32f4xx_hal_rcc.o
    0x08007560   0x00000038   Code   RO         3231    i.HAL_RCC_GetHCLKFreq  stm32f4xx_hal_rcc.o
    0x08007598   0x0000002c   Code   RO         3233    i.HAL_RCC_GetPCLK1Freq  stm32f4xx_hal_rcc.o
    0x080075c4   0x000000b4   Code   RO         3235    i.HAL_RCC_GetSysClockFreq  stm32f4xx_hal_rcc.o
    0x08007678   0x00000020   Code   RO         3237    i.HAL_RCC_NMI_IRQHandler  stm32f4xx_hal_rcc.o
    0x08007698   0x00000570   Code   RO         3238    i.HAL_RCC_OscConfig  stm32f4xx_hal_rcc.o
    0x08007c08   0x00000002   Code   RO         2613    i.HAL_RNG_ErrorCallback  stm32f4xx_hal_rng.o
    0x08007c0a   0x0000005a   Code   RO         2619    i.HAL_RNG_IRQHandler  stm32f4xx_hal_rng.o
    0x08007c64   0x0000004a   Code   RO         2620    i.HAL_RNG_Init      stm32f4xx_hal_rng.o
    0x08007cae   0x00000002   PAD
    0x08007cb0   0x00000034   Code   RO          189    i.HAL_RNG_MspInit   rng.o
    0x08007ce4   0x00000002   Code   RO         2624    i.HAL_RNG_ReadyDataCallback  stm32f4xx_hal_rng.o
    0x08007ce6   0x00000014   Code   RO         1036    i.HAL_SPI_ErrorCallback  waveplayer.o
    0x08007cfa   0x00000006   Code   RO         4173    i.HAL_SPI_GetError  stm32f4xx_hal_spi.o
    0x08007d00   0x000000fa   Code   RO         4175    i.HAL_SPI_IRQHandler  stm32f4xx_hal_spi.o
    0x08007dfa   0x00000002   PAD
    0x08007dfc   0x000001dc   Code   RO         4176    i.HAL_SPI_Init      stm32f4xx_hal_spi.o
    0x08007fd8   0x000001f4   Code   RO          549    i.HAL_SPI_MspInit   spi.o
    0x080081cc   0x0000007c   Code   RO         3661    i.HAL_SYSTICK_CLKSourceConfig  stm32f4xx_hal_cortex.o
    0x08008248   0x00000002   Code   RO         3662    i.HAL_SYSTICK_Callback  stm32f4xx_hal_cortex.o
    0x0800824a   0x00000034   Code   RO         3663    i.HAL_SYSTICK_Config  stm32f4xx_hal_cortex.o
    0x0800827e   0x00000008   Code   RO         3664    i.HAL_SYSTICK_IRQHandler  stm32f4xx_hal_cortex.o
    0x08008286   0x00000002   PAD
    0x08008288   0x00000010   Code   RO          316    i.HASH_RNG_IRQHandler  stm32f4xx_it.o
    0x08008298   0x00000014   Code   RO          317    i.I2C1_ER_IRQHandler  stm32f4xx_it.o
    0x080082ac   0x00000010   Code   RO          318    i.I2C1_EV_IRQHandler  stm32f4xx_it.o
    0x080082bc   0x000000d0   Code   RO         3867    i.I2C_MasterReceive_BTF  stm32f4xx_hal_i2c.o
    0x0800838c   0x000000a0   Code   RO         3868    i.I2C_MasterReceive_RXNE  stm32f4xx_hal_i2c.o
    0x0800842c   0x0000008c   Code   RO         3870    i.I2C_MasterRequestWrite  stm32f4xx_hal_i2c.o
    0x080084b8   0x00000070   Code   RO         3871    i.I2C_MasterTransmit_BTF  stm32f4xx_hal_i2c.o
    0x08008528   0x00000028   Code   RO         3872    i.I2C_MasterTransmit_TXE  stm32f4xx_hal_i2c.o
    0x08008550   0x0000001e   Code   RO         3875    i.I2C_SlaveReceive_BTF  stm32f4xx_hal_i2c.o
    0x0800856e   0x0000001e   Code   RO         3876    i.I2C_SlaveReceive_RXNE  stm32f4xx_hal_i2c.o
    0x0800858c   0x0000001c   Code   RO         3877    i.I2C_SlaveTransmit_BTF  stm32f4xx_hal_i2c.o
    0x080085a8   0x0000001c   Code   RO         3878    i.I2C_SlaveTransmit_TXE  stm32f4xx_hal_i2c.o
    0x080085c4   0x0000001a   Code   RO         3879    i.I2C_Slave_ADDR    stm32f4xx_hal_i2c.o
    0x080085de   0x00000002   PAD
    0x080085e0   0x0000004c   Code   RO         3880    i.I2C_Slave_AF      stm32f4xx_hal_i2c.o
    0x0800862c   0x0000005c   Code   RO         3881    i.I2C_Slave_STOPF   stm32f4xx_hal_i2c.o
    0x08008688   0x000000de   Code   RO         3882    i.I2C_WaitOnFlagUntilTimeout  stm32f4xx_hal_i2c.o
    0x08008766   0x000000aa   Code   RO         3883    i.I2C_WaitOnMasterAddressFlagUntilTimeout  stm32f4xx_hal_i2c.o
    0x08008810   0x000001e8   Code   RO         3502    i.I2SEx_TransmitReceive_IT  stm32f4xx_hal_i2s_ex.o
    0x080089f8   0x00000022   Code   RO         2354    i.I2S_DMAError      stm32f4xx_hal_i2s.o
    0x08008a1a   0x00000002   PAD
    0x08008a1c   0x00000078   Code   RO         3503    i.I2S_DMARxCplt     stm32f4xx_hal_i2s_ex.o
    0x08008a94   0x0000000e   Code   RO         2355    i.I2S_DMARxHalfCplt  stm32f4xx_hal_i2s.o
    0x08008aa2   0x00000002   PAD
    0x08008aa4   0x00000078   Code   RO         3504    i.I2S_DMATxCplt     stm32f4xx_hal_i2s_ex.o
    0x08008b1c   0x0000000e   Code   RO         2356    i.I2S_DMATxHalfCplt  stm32f4xx_hal_i2s.o
    0x08008b2a   0x00000002   PAD
    0x08008b2c   0x00000078   Code   RO         3505    i.I2S_GetInputClock  stm32f4xx_hal_i2s_ex.o
    0x08008ba4   0x00000090   Code   RO         2357    i.I2S_Receive_IT    stm32f4xx_hal_i2s.o
    0x08008c34   0x0000006e   Code   RO         2358    i.I2S_Transmit_IT   stm32f4xx_hal_i2s.o
    0x08008ca2   0x00000002   PAD
    0x08008ca4   0x0000004c   Code   RO          962    i.MX_ADC3_Init      adc.o
    0x08008cf0   0x000000b0   Code   RO         1002    i.MX_DMA_Init       dma.o
    0x08008da0   0x00000194   Code   RO          638    i.MX_GPIO_Init      gpio.o
    0x08008f34   0x00000038   Code   RO          598    i.MX_I2C1_Init      i2c.o
    0x08008f6c   0x00000034   Code   RO          664    i.MX_I2S3_Init      i2s.o
    0x08008fa0   0x00000018   Code   RO          190    i.MX_RNG_Init       rng.o
    0x08008fb8   0x00000040   Code   RO          550    i.MX_SPI1_Init      spi.o
    0x08008ff8   0x00000040   Code   RO          551    i.MX_SPI2_Init      spi.o
    0x08009038   0x00000034   Code   RO           13    i.MX_USB_DEVICE_Init  usb_device.o
    0x0800906c   0x0000000a   Code   RO          319    i.MemManage_Handler  stm32f4xx_it.o
    0x08009076   0x0000000e   Code   RO          320    i.NMI_Handler       stm32f4xx_it.o
    0x08009084   0x00000010   Code   RO         3665    i.NVIC_GetPriorityGrouping  stm32f4xx_hal_cortex.o
    0x08009094   0x00000028   Code   RO         3666    i.NVIC_SetPriority  stm32f4xx_hal_cortex.o
    0x080090bc   0x00000010   Code   RO          321    i.OTG_FS_IRQHandler  stm32f4xx_it.o
    0x080090cc   0x000000b0   Code   RO         1953    i.PCD_WriteEmptyTxFifo  stm32f4xx_hal_pcd.o
    0x0800917c   0x00000002   Code   RO          322    i.RCC_IRQHandler    stm32f4xx_it.o
    0x0800917e   0x00000002   PAD
    0x08009180   0x00000010   Code   RO          323    i.SPI1_IRQHandler   stm32f4xx_it.o
    0x08009190   0x00000010   Code   RO          324    i.SPI2_IRQHandler   stm32f4xx_it.o
    0x080091a0   0x00000010   Code   RO          325    i.SPI3_IRQHandler   stm32f4xx_it.o
    0x080091b0   0x000000b8   Code   RO         1043    i.StartAudio        waveplayer.o
    0x08009268   0x0000000c   Code   RO          326    i.SysTick_Handler   stm32f4xx_it.o
    0x08009274   0x000000a8   Code   RO          466    i.SystemClock_Config  main.o
    0x0800931c   0x00000064   Code   RO         1458    i.SystemInit        system_stm32f4xx.o
    0x08009380   0x0000001a   Code   RO         1493    i.USBD_CDC_DataIn   usbd_cdc.o
    0x0800939a   0x00000034   Code   RO         1494    i.USBD_CDC_DataOut  usbd_cdc.o
    0x080093ce   0x00000040   Code   RO         1495    i.USBD_CDC_DeInit   usbd_cdc.o
    0x0800940e   0x00000032   Code   RO         1496    i.USBD_CDC_EP0_RxReady  usbd_cdc.o
    0x08009440   0x00000010   Code   RO         1497    i.USBD_CDC_GetDeviceQualifierDescriptor  usbd_cdc.o
    0x08009450   0x00000010   Code   RO         1498    i.USBD_CDC_GetFSCfgDesc  usbd_cdc.o
    0x08009460   0x00000010   Code   RO         1499    i.USBD_CDC_GetHSCfgDesc  usbd_cdc.o
    0x08009470   0x00000010   Code   RO         1500    i.USBD_CDC_GetOtherSpeedCfgDesc  usbd_cdc.o
    0x08009480   0x000000a6   Code   RO         1501    i.USBD_CDC_Init     usbd_cdc.o
    0x08009526   0x0000000e   Code   RO         1503    i.USBD_CDC_RegisterInterface  usbd_cdc.o
    0x08009534   0x0000000e   Code   RO         1504    i.USBD_CDC_SetRxBuffer  usbd_cdc.o
    0x08009542   0x00000014   Code   RO         1505    i.USBD_CDC_SetTxBuffer  usbd_cdc.o
    0x08009556   0x00000002   PAD
    0x08009558   0x00000090   Code   RO         1506    i.USBD_CDC_Setup    usbd_cdc.o
    0x080095e8   0x00000016   Code   RO         1658    i.USBD_ClrClassConfig  usbd_core.o
    0x080095fe   0x00000044   Code   RO         1796    i.USBD_ClrFeature   usbd_ctlreq.o
    0x08009642   0x00000018   Code   RO         1598    i.USBD_CtlContinueRx  usbd_ioreq.o
    0x0800965a   0x00000018   Code   RO         1599    i.USBD_CtlContinueSendData  usbd_ioreq.o
    0x08009672   0x00000018   Code   RO         1797    i.USBD_CtlError     usbd_ctlreq.o
    0x0800968a   0x00000028   Code   RO         1600    i.USBD_CtlPrepareRx  usbd_ioreq.o
    0x080096b2   0x0000001a   Code   RO         1601    i.USBD_CtlReceiveStatus  usbd_ioreq.o
    0x080096cc   0x00000022   Code   RO         1602    i.USBD_CtlSendData  usbd_ioreq.o
    0x080096ee   0x0000001a   Code   RO         1603    i.USBD_CtlSendStatus  usbd_ioreq.o
    0x08009708   0x00000034   Code   RO          704    i.USBD_FS_ConfigStrDescriptor  usbd_desc.o
    0x0800973c   0x00000010   Code   RO          705    i.USBD_FS_DeviceDescriptor  usbd_desc.o
    0x0800974c   0x00000038   Code   RO          706    i.USBD_FS_InterfaceStrDescriptor  usbd_desc.o
    0x08009784   0x00000010   Code   RO          707    i.USBD_FS_LangIDStrDescriptor  usbd_desc.o
    0x08009794   0x0000002c   Code   RO          708    i.USBD_FS_ManufacturerStrDescriptor  usbd_desc.o
    0x080097c0   0x00000040   Code   RO          709    i.USBD_FS_ProductStrDescriptor  usbd_desc.o
    0x08009800   0x00000038   Code   RO          710    i.USBD_FS_SerialStrDescriptor  usbd_desc.o
    0x08009838   0x00000050   Code   RO         1798    i.USBD_GetConfig    usbd_ctlreq.o
    0x08009888   0x00000148   Code   RO         1799    i.USBD_GetDescriptor  usbd_ctlreq.o
    0x080099d0   0x00000014   Code   RO         1800    i.USBD_GetLen       usbd_ctlreq.o
    0x080099e4   0x00000044   Code   RO         1801    i.USBD_GetStatus    usbd_ctlreq.o
    0x08009a28   0x00000052   Code   RO         1802    i.USBD_GetString    usbd_ctlreq.o
    0x08009a7a   0x00000032   Code   RO         1660    i.USBD_Init         usbd_core.o
    0x08009aac   0x00000014   Code   RO          784    i.USBD_LL_ClearStallEP  usbd_conf.o
    0x08009ac0   0x00000014   Code   RO          785    i.USBD_LL_CloseEP   usbd_conf.o
    0x08009ad4   0x000000da   Code   RO         1661    i.USBD_LL_DataInStage  usbd_core.o
    0x08009bae   0x00000086   Code   RO         1662    i.USBD_LL_DataOutStage  usbd_core.o
    0x08009c34   0x00000006   Code   RO         1663    i.USBD_LL_DevConnected  usbd_core.o
    0x08009c3a   0x0000001a   Code   RO         1664    i.USBD_LL_DevDisconnected  usbd_core.o
    0x08009c54   0x00000012   Code   RO          789    i.USBD_LL_GetRxDataSize  usbd_conf.o
    0x08009c66   0x00000002   PAD
    0x08009c68   0x00000068   Code   RO          790    i.USBD_LL_Init      usbd_conf.o
    0x08009cd0   0x00000038   Code   RO          791    i.USBD_LL_IsStallEP  usbd_conf.o
    0x08009d08   0x00000006   Code   RO         1665    i.USBD_LL_IsoINIncomplete  usbd_core.o
    0x08009d0e   0x00000006   Code   RO         1666    i.USBD_LL_IsoOUTIncomplete  usbd_core.o
    0x08009d14   0x00000020   Code   RO          792    i.USBD_LL_OpenEP    usbd_conf.o
    0x08009d34   0x00000020   Code   RO          793    i.USBD_LL_PrepareReceive  usbd_conf.o
    0x08009d54   0x00000044   Code   RO         1667    i.USBD_LL_Reset     usbd_core.o
    0x08009d98   0x0000000e   Code   RO         1668    i.USBD_LL_Resume    usbd_core.o
    0x08009da6   0x00000022   Code   RO         1669    i.USBD_LL_SOF       usbd_core.o
    0x08009dc8   0x00000008   Code   RO         1670    i.USBD_LL_SetSpeed  usbd_core.o
    0x08009dd0   0x00000014   Code   RO          794    i.USBD_LL_SetUSBAddress  usbd_conf.o
    0x08009de4   0x0000006e   Code   RO         1671    i.USBD_LL_SetupStage  usbd_core.o
    0x08009e52   0x00000014   Code   RO          795    i.USBD_LL_StallEP   usbd_conf.o
    0x08009e66   0x00000010   Code   RO          796    i.USBD_LL_Start     usbd_conf.o
    0x08009e76   0x00000014   Code   RO         1672    i.USBD_LL_Suspend   usbd_core.o
    0x08009e8a   0x00000020   Code   RO          798    i.USBD_LL_Transmit  usbd_conf.o
    0x08009eaa   0x00000028   Code   RO         1803    i.USBD_ParseSetupRequest  usbd_ctlreq.o
    0x08009ed2   0x00000010   Code   RO         1673    i.USBD_RegisterClass  usbd_core.o
    0x08009ee2   0x00000006   Code   RO         1674    i.USBD_RunTestMode  usbd_core.o
    0x08009ee8   0x00000054   Code   RO         1804    i.USBD_SetAddress   usbd_ctlreq.o
    0x08009f3c   0x00000022   Code   RO         1675    i.USBD_SetClassConfig  usbd_core.o
    0x08009f5e   0x00000002   PAD
    0x08009f60   0x000000e0   Code   RO         1805    i.USBD_SetConfig    usbd_ctlreq.o
    0x0800a040   0x00000024   Code   RO         1806    i.USBD_SetFeature   usbd_ctlreq.o
    0x0800a064   0x0000000e   Code   RO         1676    i.USBD_Start        usbd_core.o
    0x0800a072   0x00000072   Code   RO         1807    i.USBD_StdDevReq    usbd_ctlreq.o
    0x0800a0e4   0x00000156   Code   RO         1808    i.USBD_StdEPReq     usbd_ctlreq.o
    0x0800a23a   0x0000004a   Code   RO         1809    i.USBD_StdItfReq    usbd_ctlreq.o
    0x0800a284   0x000000c4   Code   RO         2920    i.USB_ActivateEndpoint  stm32f4xx_ll_usb.o
    0x0800a348   0x00000044   Code   RO         2921    i.USB_ActivateSetup  stm32f4xx_ll_usb.o
    0x0800a38c   0x00000070   Code   RO         2923    i.USB_CoreInit      stm32f4xx_ll_usb.o
    0x0800a3fc   0x0000004c   Code   RO         2924    i.USB_CoreReset     stm32f4xx_ll_usb.o
    0x0800a448   0x000000a8   Code   RO         2926    i.USB_DeactivateEndpoint  stm32f4xx_ll_usb.o
    0x0800a4f0   0x0000001e   Code   RO         2927    i.USB_DevConnect    stm32f4xx_ll_usb.o
    0x0800a50e   0x0000001e   Code   RO         2928    i.USB_DevDisconnect  stm32f4xx_ll_usb.o
    0x0800a52c   0x0000019c   Code   RO         2929    i.USB_DevInit       stm32f4xx_ll_usb.o
    0x0800a6c8   0x0000000e   Code   RO         2930    i.USB_DisableGlobalInt  stm32f4xx_ll_usb.o
    0x0800a6d6   0x00000002   PAD
    0x0800a6d8   0x000001b0   Code   RO         2933    i.USB_EP0StartXfer  stm32f4xx_ll_usb.o
    0x0800a888   0x00000044   Code   RO         2934    i.USB_EP0_OutStart  stm32f4xx_ll_usb.o
    0x0800a8cc   0x00000088   Code   RO         2935    i.USB_EPClearStall  stm32f4xx_ll_usb.o
    0x0800a954   0x0000008c   Code   RO         2936    i.USB_EPSetStall    stm32f4xx_ll_usb.o
    0x0800a9e0   0x000002d0   Code   RO         2937    i.USB_EPStartXfer   stm32f4xx_ll_usb.o
    0x0800acb0   0x0000000e   Code   RO         2938    i.USB_EnableGlobalInt  stm32f4xx_ll_usb.o
    0x0800acbe   0x00000002   PAD
    0x0800acc0   0x0000002c   Code   RO         2939    i.USB_FlushRxFifo   stm32f4xx_ll_usb.o
    0x0800acec   0x00000030   Code   RO         2940    i.USB_FlushTxFifo   stm32f4xx_ll_usb.o
    0x0800ad1c   0x00000044   Code   RO         2942    i.USB_GetDevSpeed   stm32f4xx_ll_usb.o
    0x0800ad60   0x0000000a   Code   RO         2944    i.USB_GetMode       stm32f4xx_ll_usb.o
    0x0800ad6a   0x00000012   Code   RO         2951    i.USB_ReadDevAllInEpInterrupt  stm32f4xx_ll_usb.o
    0x0800ad7c   0x00000012   Code   RO         2952    i.USB_ReadDevAllOutEpInterrupt  stm32f4xx_ll_usb.o
    0x0800ad8e   0x0000002c   Code   RO         2953    i.USB_ReadDevInEPInterrupt  stm32f4xx_ll_usb.o
    0x0800adba   0x00000016   Code   RO         2954    i.USB_ReadDevOutEPInterrupt  stm32f4xx_ll_usb.o
    0x0800add0   0x0000000c   Code   RO         2955    i.USB_ReadInterrupts  stm32f4xx_ll_usb.o
    0x0800addc   0x00000028   Code   RO         2956    i.USB_ReadPacket    stm32f4xx_ll_usb.o
    0x0800ae04   0x00000030   Code   RO         2958    i.USB_SetCurrentMode  stm32f4xx_ll_usb.o
    0x0800ae34   0x00000024   Code   RO         2959    i.USB_SetDevAddress  stm32f4xx_ll_usb.o
    0x0800ae58   0x00000010   Code   RO         2960    i.USB_SetDevSpeed   stm32f4xx_ll_usb.o
    0x0800ae68   0x0000003a   Code   RO         2963    i.USB_WritePacket   stm32f4xx_ll_usb.o
    0x0800aea2   0x0000000a   Code   RO          327    i.UsageFault_Handler  stm32f4xx_it.o
    0x0800aeac   0x000000b0   Code   RO          328    i.Write7SegIT       stm32f4xx_it.o
    0x0800af5c   0x000000b0   Code   RO         1046    i.Write7SegWave     waveplayer.o
    0x0800b00c   0x00000030   Code   RO         5129    i.__ARM_fpclassify  m_wm.l(fpclassify.o)
    0x0800b03c   0x00000026   Code   RO         5050    i.__ARM_fpclassifyf  m_wm.l(fpclassifyf.o)
    0x0800b062   0x00000006   PAD
    0x0800b068   0x000000c8   Code   RO         4950    i.__hardfp_cos      m_wm.l(cos.o)
    0x0800b130   0x0000060c   Code   RO         4966    i.__hardfp_powf     m_wm.l(powf.o)
    0x0800b73c   0x00000004   PAD
    0x0800b740   0x000000e0   Code   RO         4980    i.__hardfp_round    m_wm.l(round.o)
    0x0800b820   0x00000438   Code   RO         5066    i.__ieee754_rem_pio2  m_wm.l(rred.o)
    0x0800bc58   0x00000170   Code   RO         5033    i.__kernel_cos      m_wm.l(cos_i.o)
    0x0800bdc8   0x000000f8   Code   RO         5131    i.__kernel_poly     m_wm.l(poly.o)
    0x0800bec0   0x00000130   Code   RO         5071    i.__kernel_sin      m_wm.l(sin_i.o)
    0x0800bff0   0x00000014   Code   RO         5037    i.__mathlib_dbl_infnan  m_wm.l(dunder.o)
    0x0800c004   0x00000004   PAD
    0x0800c008   0x00000020   Code   RO         5039    i.__mathlib_dbl_invalid  m_wm.l(dunder.o)
    0x0800c028   0x00000020   Code   RO         5042    i.__mathlib_dbl_underflow  m_wm.l(dunder.o)
    0x0800c048   0x00000014   Code   RO         5052    i.__mathlib_flt_divzero  m_wm.l(funder.o)
    0x0800c05c   0x00000006   Code   RO         5054    i.__mathlib_flt_infnan2  m_wm.l(funder.o)
    0x0800c062   0x00000002   PAD
    0x0800c064   0x00000010   Code   RO         5055    i.__mathlib_flt_invalid  m_wm.l(funder.o)
    0x0800c074   0x00000010   Code   RO         5056    i.__mathlib_flt_overflow  m_wm.l(funder.o)
    0x0800c084   0x00000010   Code   RO         5058    i.__mathlib_flt_underflow  m_wm.l(funder.o)
    0x0800c094   0x0000000e   Code   RO         5145    i.__scatterload_copy  mc_w.l(handlers.o)
    0x0800c0a2   0x00000002   Code   RO         5146    i.__scatterload_null  mc_w.l(handlers.o)
    0x0800c0a4   0x0000000e   Code   RO         5147    i.__scatterload_zeroinit  mc_w.l(handlers.o)
    0x0800c0b2   0x00000002   PAD
    0x0800c0b4   0x0000000c   Code   RO         5101    i.__set_errno       mc_w.l(errno.o)
    0x0800c0c0   0x00000002   Code   RO          468    i.assert_failed     main.o
    0x0800c0c2   0x00000002   PAD
    0x0800c0c4   0x00000018   Code   RO         1048    i.changePhaseInc    waveplayer.o
    0x0800c0dc   0x0000005c   Code   RO         1050    i.computeCentroid   waveplayer.o
    0x0800c138   0x0000011c   Code   RO         1051    i.doComplexFft      waveplayer.o
    0x0800c254   0x00000018   Code   RO         5125    i.fabs              m_wm.l(fabs.o)
    0x0800c26c   0x00000020   Code   RO         1052    i.fftBin2Freq       waveplayer.o
    0x0800c28c   0x00000084   Code   RO         1053    i.fftDisplayMaxBin  waveplayer.o
    0x0800c310   0x000000e8   Code   RO         1054    i.fillBufferWithInputProcess  waveplayer.o
    0x0800c3f8   0x00000050   Code   RO         4995    i.free              mc_w.l(malloc.o)
    0x0800c448   0x000000b0   Code   RO         1056    i.generateHannWindow  waveplayer.o
    0x0800c4f8   0x00000064   Code   RO         1062    i.initScalars       waveplayer.o
    0x0800c55c   0x00000070   Code   RO          469    i.main              main.o
    0x0800c5cc   0x0000006c   Code   RO         4996    i.malloc            mc_w.l(malloc.o)
    0x0800c638   0x0000030c   Code   RO         1065    i.myProcess         waveplayer.o
    0x0800c944   0x00000028   Code   RO         1066    i.newSinGen         waveplayer.o
    0x0800c96c   0x00000080   Code   RO         1075    i.setDelay          waveplayer.o
    0x0800c9ec   0x00000044   Code   RO         1083    i.updatePhase       waveplayer.o
    0x0800ca30   0x00000010   Data   RO         3239    .constdata          stm32f4xx_hal_rcc.o
    0x0800ca40   0x00000010   Data   RO         4793    .constdata          arm_cortexM4lf_math.lib(arm_const_structs.o)
    0x0800ca50   0x00000010   Data   RO         4794    .constdata          arm_cortexM4lf_math.lib(arm_const_structs.o)
    0x0800ca60   0x00000010   Data   RO         4795    .constdata          arm_cortexM4lf_math.lib(arm_const_structs.o)
    0x0800ca70   0x00000010   Data   RO         4796    .constdata          arm_cortexM4lf_math.lib(arm_const_structs.o)
    0x0800ca80   0x00000010   Data   RO         4797    .constdata          arm_cortexM4lf_math.lib(arm_const_structs.o)
    0x0800ca90   0x00000010   Data   RO         4798    .constdata          arm_cortexM4lf_math.lib(arm_const_structs.o)
    0x0800caa0   0x00000010   Data   RO         4799    .constdata          arm_cortexM4lf_math.lib(arm_const_structs.o)
    0x0800cab0   0x00000010   Data   RO         4800    .constdata          arm_cortexM4lf_math.lib(arm_const_structs.o)
    0x0800cac0   0x00000010   Data   RO         4801    .constdata          arm_cortexM4lf_math.lib(arm_const_structs.o)
    0x0800cad0   0x00000080   Data   RO         4872    .constdata          arm_cortexM4lf_math.lib(arm_common_tables.o)
    0x0800cb50   0x00000100   Data   RO         4873    .constdata          arm_cortexM4lf_math.lib(arm_common_tables.o)
    0x0800cc50   0x00000200   Data   RO         4874    .constdata          arm_cortexM4lf_math.lib(arm_common_tables.o)
    0x0800ce50   0x00000400   Data   RO         4875    .constdata          arm_cortexM4lf_math.lib(arm_common_tables.o)
    0x0800d250   0x00000800   Data   RO         4876    .constdata          arm_cortexM4lf_math.lib(arm_common_tables.o)
    0x0800da50   0x00001000   Data   RO         4877    .constdata          arm_cortexM4lf_math.lib(arm_common_tables.o)
    0x0800ea50   0x00002000   Data   RO         4878    .constdata          arm_cortexM4lf_math.lib(arm_common_tables.o)
    0x08010a50   0x00004000   Data   RO         4879    .constdata          arm_cortexM4lf_math.lib(arm_common_tables.o)
    0x08014a50   0x00008000   Data   RO         4880    .constdata          arm_cortexM4lf_math.lib(arm_common_tables.o)
    0x0801ca50   0x00000028   Data   RO         4901    .constdata          arm_cortexM4lf_math.lib(arm_common_tables.o)
    0x0801ca78   0x00000060   Data   RO         4902    .constdata          arm_cortexM4lf_math.lib(arm_common_tables.o)
    0x0801cad8   0x00000070   Data   RO         4903    .constdata          arm_cortexM4lf_math.lib(arm_common_tables.o)
    0x0801cb48   0x000001a0   Data   RO         4904    .constdata          arm_cortexM4lf_math.lib(arm_common_tables.o)
    0x0801cce8   0x00000370   Data   RO         4905    .constdata          arm_cortexM4lf_math.lib(arm_common_tables.o)
    0x0801d058   0x00000380   Data   RO         4906    .constdata          arm_cortexM4lf_math.lib(arm_common_tables.o)
    0x0801d3d8   0x00000e10   Data   RO         4907    .constdata          arm_cortexM4lf_math.lib(arm_common_tables.o)
    0x0801e1e8   0x00001dc0   Data   RO         4908    .constdata          arm_cortexM4lf_math.lib(arm_common_tables.o)
    0x0801ffa8   0x00001f80   Data   RO         4909    .constdata          arm_cortexM4lf_math.lib(arm_common_tables.o)
    0x08021f28   0x00000804   Data   RO         4927    .constdata          arm_cortexM4lf_math.lib(arm_common_tables.o)
    0x0802272c   0x00000140   Data   RO         4969    .constdata          m_wm.l(powf.o)
    0x0802286c   0x00000004   PAD
    0x08022870   0x00000030   Data   RO         5034    .constdata          m_wm.l(cos_i.o)
    0x080228a0   0x000000c8   Data   RO         5068    .constdata          m_wm.l(rred.o)
    0x08022968   0x00000028   Data   RO         5072    .constdata          m_wm.l(sin_i.o)
    0x08022990   0x00000020   Data   RO         5143    Region$$Table       anon$$obj.o


    Execution Region RW_IRAM1 (Base: 0x20000000, Size: 0x000181c0, Max: 0x00020000, ABSOLUTE, COMPRESSED[0x00000134])

    Base Addr    Size         Type   Attr      Idx    E Section Name        Object

    0x20000000   0x00000014   Data   RW          236    .data               usbd_cdc_if.o
    0x20000014   0x00000034   Data   RW          712    .data               usbd_desc.o
    0x20000048   0x000001d4   Data   RW         1088    .data               waveplayer.o
    0x2000021c   0x00000014   Data   RW         1459    .data               system_stm32f4xx.o
    0x20000230   0x00000110   Data   RW         1508    .data               usbd_cdc.o
    0x20000340   0x00000001   Data   RW         1810    .data               usbd_ctlreq.o
    0x20000341   0x00000003   PAD
    0x20000344   0x00000004   Data   RW         3351    .data               stm32f4xx_hal.o
    0x20000348   0x00000004   Data   RW         5097    .data               mc_w.l(mvars.o)
    0x2000034c   0x00000004   Data   RW         5098    .data               mc_w.l(mvars.o)
    0x20000350   0x00000004   Data   RW         5102    .data               mc_w.l(errno.o)
    0x20000354   0x00000224   Zero   RW           14    .bss                usb_device.o
    0x20000578   0x0000000c   Zero   RW          191    .bss                rng.o
    0x20000584   0x00000400   Zero   RW          235    .bss                usbd_cdc_if.o
    0x20000984   0x00000028   Zero   RW          470    .bss                main.o
    0x200009ac   0x000001f0   Zero   RW          552    .bss                spi.o
    0x20000b9c   0x0000008c   Zero   RW          599    .bss                i2c.o
    0x20000c28   0x000000e4   Zero   RW          665    .bss                i2s.o
    0x20000d0c   0x00000200   Zero   RW          711    .bss                usbd_desc.o
    0x20000f0c   0x000003b4   Zero   RW          799    .bss                usbd_conf.o
    0x200012c0   0x00000044   Zero   RW          963    .bss                adc.o
    0x20001304   0x000168b8   Zero   RW         1086    .bss                waveplayer.o
    0x20017bbc   0x00000004   PAD
    0x20017bc0   0x00000200   Zero   RW            2    HEAP                startup_stm32f405xx.o
    0x20017dc0   0x00000400   Zero   RW            1    STACK               startup_stm32f405xx.o


==============================================================================

Image component sizes


      Code (inc. data)   RO Data    RW Data    ZI Data      Debug   Object Name

       172         22          0          0         68       1733   adc.o
       176          6          0          0          0        890   dma.o
       404         20          0          0          0       1179   gpio.o
       268         34          0          0        140       1830   i2c.o
       392         40          0          0        228       1979   i2s.o
       282         20          0          0         40       2864   main.o
        76         18          0          0         12       1543   rng.o
       628         70          0          0        496       2730   spi.o
        36          8        392          0       1536        988   startup_stm32f405xx.o
       150         16          0          4          0       4390   stm32f4xx_hal.o
      2114        276          0          0          0       5854   stm32f4xx_hal_adc.o
         2          0          0          0          0       1073   stm32f4xx_hal_adc_ex.o
       694        266          0          0          0      32857   stm32f4xx_hal_cortex.o
     10800        234          0          0          0       9103   stm32f4xx_hal_dma.o
      1192        196          0          0          0       2840   stm32f4xx_hal_gpio.o
      2830        118          0          0          0      17976   stm32f4xx_hal_i2c.o
       318          0          0          0          0       4482   stm32f4xx_hal_i2s.o
      2988        160          0          0          0       7715   stm32f4xx_hal_i2s_ex.o
        78          0          0          0          0        546   stm32f4xx_hal_msp.o
      2756         60          0          0          0      11069   stm32f4xx_hal_pcd.o
        92          0          0          0          0       1904   stm32f4xx_hal_pcd_ex.o
      2810        186         16          0          0       7147   stm32f4xx_hal_rcc.o
       168          0          0          0          0       3076   stm32f4xx_hal_rng.o
       732         56          0          0          0       2931   stm32f4xx_hal_spi.o
       476         92          0          0          0      12039   stm32f4xx_it.o
      3098         58          0          0          0      21290   stm32f4xx_ll_usb.o
       100         18          0         20          0       1441   system_stm32f4xx.o
        52         16          0          0        548     354915   usb_device.o
       614         30          0        272          0      12019   usbd_cdc.o
       138         22          0         20       1024       3063   usbd_cdc_if.o
       786         18          0          0        948      15006   usbd_conf.o
       792          0          0          0          0      13193   usbd_core.o
      1584         30          0          1          0      11120   usbd_ctlreq.o
       304        128          0         52        512       5583   usbd_desc.o
       174          0          0          0          0       4804   usbd_ioreq.o
      2850        362          0        468      92344      33795   waveplayer.o

    ----------------------------------------------------------------------
     41176       2580        440        840      97900     616967   Object Totals
         0          0         32          0          0          0   (incl. Generated)
        50          0          0          3          4          0   (incl. Padding)

    ----------------------------------------------------------------------

      Code (inc. data)   RO Data    RW Data    ZI Data      Debug   Library Member Name

       192          0          0          0          0        528   arm_bitreversal2.o
      1826          0          0          0          0       3577   arm_cfft_f32.o
      1244          4          0          0          0       2395   arm_cfft_radix8_f32.o
       252          6          0          0          0      14320   arm_cmplx_mag_f32.o
         0          0      89180          0          0       4636   arm_common_tables.o
         0          0        144          0          0       2191   arm_const_structs.o
       216          0          0          0          0       1286   arm_max_f32.o
       116         12          0          0          0      16974   arm_sin_f32.o
       200         20          0          0          0        164   cos.o
       368         46         48          0          0        200   cos_i.o
        84         16          0          0          0        372   dunder.o
        24          0          0          0          0        124   fabs.o
        48          0          0          0          0        124   fpclassify.o
        38          0          0          0          0        116   fpclassifyf.o
        74         24          0          0          0        580   funder.o
       248          0          0          0          0        152   poly.o
      1548        110        320          0          0        268   powf.o
       224         30          0          0          0        172   round.o
      1080        142        200          0          0        188   rred.o
       304         24         40          0          0        208   sin_i.o
        86          0          0          0          0          0   __dczerorl2.o
         0          0          0          0          0          0   entry.o
         0          0          0          0          0          0   entry10a.o
         0          0          0          0          0          0   entry11a.o
         8          4          0          0          0          0   entry2.o
         4          0          0          0          0          0   entry5.o
         0          0          0          0          0          0   entry7b.o
         0          0          0          0          0          0   entry8b.o
         8          4          0          0          0          0   entry9a.o
        12          6          0          4          0         68   errno.o
        30          0          0          0          0          0   handlers.o
        36          8          0          0          0         68   init.o
         0          0          0          0          0          0   iusefp.o
        30          0          0          0          0         68   llshl.o
        36          0          0          0          0         68   llsshr.o
        32          0          0          0          0         68   llushr.o
       188         20          0          0          0        160   malloc.o
        36          0          0          0          0         68   memcpya.o
         0          0          0          8          0          0   mvars.o
        48          0          0          0          0         68   cdcmple.o
        48          0          0          0          0         68   cdrcmple.o
        56          0          0          0          0         88   d2f.o
       334          0          0          0          0        148   dadd.o
       222          0          0          0          0        100   ddiv.o
       186          0          0          0          0        176   depilogue.o
        62          0          0          0          0         80   dfixi.o
        50          0          0          0          0         76   dfixui.o
        34          0          0          0          0         76   dflti.o
        26          0          0          0          0         76   dfltui.o
       228          0          0          0          0         96   dmul.o
       136          4          0          0          0         92   drnd.o
        38          0          0          0          0         68   f2d.o
       110          0          0          0          0        168   fepilogue.o

    ----------------------------------------------------------------------
     10192        484      89936         12          0      50523   Library Totals
        22          4          4          0          0          0   (incl. Padding)

    ----------------------------------------------------------------------

      Code (inc. data)   RO Data    RW Data    ZI Data      Debug   Library Name

      3846         22      89324          0          0      45907   arm_cortexM4lf_math.lib
      4240        412        608          0          0       2668   m_wm.l
       506         42          0         12          0        568   mc_w.l
      1578          4          0          0          0       1380   mf_w.l

    ----------------------------------------------------------------------
     10192        484      89936         12          0      50523   Library Totals

    ----------------------------------------------------------------------

==============================================================================


      Code (inc. data)   RO Data    RW Data    ZI Data      Debug   

     51368       3064      90376        852      97900     638586   Grand Totals
     51368       3064      90376        308      97900     638586   ELF Image Totals (compressed)
     51368       3064      90376        308          0          0   ROM Totals

==============================================================================

    Total RO  Size (Code + RO Data)               141744 ( 138.42kB)
    Total RW  Size (RW Data + ZI Data)             98752 (  96.44kB)
    Total ROM Size (Code + RO Data + RW Data)     142052 ( 138.72kB)

==============================================================================

